******************************************************************************
                  TI ARM Linker PC v15.12.1                    
******************************************************************************
>> Linked Sun Jan 08 01:36:07 2017

OUTPUT FILE NAME:   <OSdroneESPCM4FPU_v1.out>
ENTRY POINT SYMBOL: "_c_int00"  address: 000099ed


MEMORY CONFIGURATION

         name            origin    length      used     unused   attr    fill
----------------------  --------  ---------  --------  --------  ----  --------
  FLASH                 00000000   00040000  000106e8  0002f918  R  X
  SRAM                  20000000   00008000  00007c41  000003bf  RW X


SEGMENT ALLOCATION MAP

run origin  load origin   length   init length attrs members
----------  ----------- ---------- ----------- ----- -------
00000000    00000000    000106f4   000106f4    r-x
  00000000    00000000    0000003c   0000003c    r-- .resetVecs
  00000040    00000040    0000c52a   0000c52a    r-x .text
  0000c570    0000c570    00003cb6   00003cb6    r-- .const
  00010228    00010228    000004cc   000004cc    r-- .cinit
20000000    20000000    00000360   00000000    rw-
  20000000    20000000    00000360   00000000    rw- .vecs
20000400    20000400    000078e4   00000000    rw-
  20000400    20000400    00006da4   00000000    rw- .bss
  200071a4    200071a4    0000073d   00000000    rw- .data
  200078e4    200078e4    00000400   00000000    rw- .stack


SECTION ALLOCATION MAP

 output                                  attributes/
section   page    origin      length       input sections
--------  ----  ----------  ----------   ----------------
.resetVecs 
*          0    00000000    0000003c     
                  00000000    0000003c     Config_pem4f.oem4f (.resetVecs)

.text      0    00000040    0000c52a     
                  00000040    00000710     Control_TASK.obj (.text:Control)
                  00000750    00000618     Coordinador_TASK.obj (.text:Coordinador)
                  00000d68    00000430     sysbios.aem4f : BIOS.obj (.text:ti_sysbios_family_arm_m3_Hwi_excDumpRegs__I)
                  00001198    00000410     rtsv7M4_T_le_v4SPD16_eabi.lib : e_asin.obj (.text)
                  000015a8    00000374     Principal.obj (.text:main)
                  0000191c    0000034c     ti.targets.arm.rtsarm.aem4f : System.oem4f (.text:xdc_runtime_System_doPrint__I)
                  00001c68    00000324     rtsv7M4_T_le_v4SPD16_eabi.lib : trgdrv.obj (.text)
                  00001f8c    00000004     driverlib.lib : i2c.obj (.text:I2CMasterControl)
                  00001f90    00000314     sysbios.aem4f : BIOS.obj (.text:ti_sysbios_knl_Semaphore_pend__E)
                  000022a4    000002ec     rtsv7M4_T_le_v4SPD16_eabi.lib : s_atan.obj (.text)
                  00002590    00000268     AHRS.obj (.text:Actualizar_Matriz_DCM_V2)
                  000027f8    00000264     dsplib-cm4f.lib : arm_sin_cos_q31.obj (.text:arm_sin_cos_q31)
                  00002a5c    00000004     driverlib.lib : i2c.obj (.text:I2CMasterDataGet)
                  00002a60    00000254     sysbios.aem4f : BIOS.obj (.text:ti_sysbios_heaps_HeapMem_free__E)
                  00002cb4    00000240     AHRS.obj (.text:Normalizar_DCM)
                  00002ef4    00000004     driverlib.lib : i2c.obj (.text:I2CMasterDataPut)
                  00002ef8    00000240     sysbios.aem4f : BIOS.obj (.text:ti_sysbios_heaps_HeapMem_alloc__E)
                  00003138    0000022c                   : BIOS.obj (.text:ti_sysbios_knl_Task_Instance_finalize__E)
                  00003364    00000214     drivers_tivaware.aem4f : UARTTiva.oem4f (.text:UARTTiva_open)
                  00003578    000001fc     sysbios.aem4f : BIOS.obj (.text:ti_sysbios_family_arm_m3_Hwi_excHandlerMax__I)
                  00003774    000001ec     rtsv7M4_T_le_v4SPD16_eabi.lib : e_atan2.obj (.text)
                  00003960    000001c8     sysbios.aem4f : BIOS.obj (.text:ti_sysbios_knl_Task_Instance_init__E)
                  00003b28    000001b6     rtsv7M4_T_le_v4SPD16_eabi.lib : fd_add_t2.obj (.text)
                  00003cde    00000002     drivers_tivaware.aem4f : SPITivaDMA.oem4f (.text:SPITivaDMA_serviceISR)
                  00003ce0    000001b0     sysbios.aem4f : BIOS.obj (.text:ti_sysbios_gates_GateMutexPri_enter__E)
                  00003e90    000001a0     dsplib-cm4f.lib : arm_biquad_cascade_df1_q15.obj (.text:arm_biquad_cascade_df1_q15)
                  00004030    0000018c                     : arm_mat_mult_q15.obj (.text:arm_mat_mult_q15)
                  000041bc    00000004     driverlib.lib : ssi.obj (.text:SSIIntClear)
                  000041c0    00000184     sysbios.aem4f : BIOS.obj (.text:ti_sysbios_knl_Task_setPri__E)
                  00004344    00000004     driverlib.lib : uart.obj (.text:UARTIntClear)
                  00004348    0000017c     sysbios.aem4f : BIOS.obj (.text:ti_sysbios_family_arm_lm4_TimestampProvider_get64__E)
                  000044c4    00000004     driverlib.lib : watchdog.obj (.text:WatchdogReloadSet)
                  000044c8    00000174     sysbios.aem4f : BIOS.obj (.text:ti_sysbios_family_arm_m3_Hwi_excBusFault__I)
                  0000463c    00000170     drivers_tivaware.aem4f : PWMTiva.oem4f (.text:PWMTiva_open)
                  000047ac    00000170     rtsv7M4_T_le_v4SPD16_eabi.lib : e_sqrt.obj (.text)
                  0000491c    00000004     Config_pem4f.oem4f (.text:ti_sysbios_BIOS_RtsGateProxy_enter__E)
                  00004920    00000164     sysbios.aem4f : BIOS.obj (.text:ti_sysbios_family_arm_m3_Hwi_excUsageFault__I)
                  00004a84    00000158     IMU_TASK.obj (.text:Lectura_Datos_IMU)
                  00004bdc    00000148     drivers_tivaware.aem4f : GPIOTiva.oem4f (.text:GPIO_setConfig)
                  00004d24    00000004     Config_pem4f.oem4f (.text:ti_sysbios_BIOS_RtsGateProxy_leave__E)
                  00004d28    00000148     sysbios.aem4f : BIOS.obj (.text:ti_sysbios_family_arm_m3_Hwi_excMemFault__I)
                  00004e70    00000144                   : BIOS.obj (.text:ti_sysbios_family_arm_m3_Hwi_dispatchC__I)
                  00004fb4    00000004                   : BIOS.obj (.text:ti_sysbios_family_arm_lm4_Timer_masterEnable__I)
                  00004fb8    00000140                   : BIOS.obj (.text:ti_sysbios_knl_Semaphore_post__E)
                  000050f8    0000013c                   : BIOS.obj (.text:ti_sysbios_heaps_HeapMem_Instance_init__E)
                  00005234    00000138     Config_pem4f.oem4f (.text:ti_uia_loggers_LoggerStopMode_writeMemoryRange__E)
                  0000536c    00000136     rtsv7M4_T_le_v4SPD16_eabi.lib : fd_div_t2.obj (.text)
                  000054a2    00000006     driverlib.lib : gpio.obj (.text:GPIOIntClear)
                  000054a8    00000134     sysbios.aem4f : BIOS.obj (.text:ti_sysbios_knl_Clock_workFunc__E)
                  000055dc    00000130     driverlib.lib : gpio.obj (.text:GPIOPadConfigSet)
                  0000570c    0000012a     AHRS.obj (.text:Correccion_deriva)
                  00005836    00000002     drivers_tivaware.aem4f : WatchdogTiva.oem4f (.text:WatchdogTiva_close)
                  00005838    00000120     sysbios.aem4f : BIOS.obj (.text:ti_sysbios_family_arm_lm4_Timer_start__E)
                  00005958    0000011c                   : BIOS.obj (.text:ti_sysbios_knl_Clock_Instance_init__E)
                  00005a74    00000004     Config_pem4f.oem4f (.text:ti_sysbios_family_arm_m3_Hwi_destruct)
                  00005a78    0000011c     sysbios.aem4f : BIOS.obj (.text:ti_sysbios_knl_Swi_run__I)
                  00005b94    00000118     ti.targets.arm.rtsarm.aem4f : Error.oem4f (.text:xdc_runtime_Error_policyDefault__E)
                  00005cac    0000010c     Coordinador_TASK.obj (.text:AjustarRangoEntrada_Q15)
                  00005db8    0000010c     Config_pem4f.oem4f (.text:ti_uia_loggers_LoggerStopMode_write8__E)
                  00005ec4    00000100     Boot.aem4f : Boot_sysctl.oem4f (.text:ti_catalog_arm_cortexm4_tiva_ce_Boot_sysCtlClockSetI__I)
                  00005fc4    00000100     ti.targets.arm.rtsarm.aem4f : Core-mem.oem4f (.text:xdc_runtime_Core_createObject__I)
                  000060c4    000000fc     drivers_tivaware.aem4f : PWMTiva.oem4f (.text:PWMTiva_setDuty)
                  000061c0    000000fc     rtsv7M4_T_le_v4SPD16_eabi.lib : fd_mul_t2.obj (.text)
                  000062bc    000000f8     ti.targets.arm.rtsarm.aem4f : Startup.oem4f (.text:xdc_runtime_Startup_startMods__I)
                  000063b4    000000f8     Config_pem4f.oem4f (.text:xdc_runtime_System_printfExtend__I)
                  000064ac    000000f4     sysbios.aem4f : m3_Hwi_asm.obj (.text:ti_sysbios_family_arm_m3_Hwi_dispatch__I)
                  000065a0    000000f4     Config_pem4f.oem4f (.text:ti_uia_loggers_LoggerStopMode_write4__E)
                  00006694    000000ec     drivers_tivaware.aem4f : SPITivaDMA.oem4f (.text:SPITivaDMA_open)
                  00006780    000000e8                            : I2CTiva.oem4f (.text:I2CTiva_open)
                  00006868    000000e8     dsplib-cm4f.lib : arm_mat_mult_f32.obj (.text:arm_mat_mult_f32)
                  00006950    000000e8     Config_pem4f.oem4f (.text:ti_uia_loggers_LoggerStopMode_write2__E)
                  00006a38    000000e4     Config_pem4f.oem4f (.text:ti_uia_loggers_LoggerStopMode_write1__E)
                  00006b1c    000000dc     drivers_tivaware.aem4f : SPITivaDMA.oem4f (.text:SPITivaDMA_configDMA)
                  00006bf8    000000d8     Config_pem4f.oem4f (.text:ti_uia_loggers_LoggerStopMode_write0__E)
                  00006cd0    000000d6     drivers_tivaware.aem4f : I2CTiva.oem4f (.text:I2CTiva_hwiFxn)
                  00006da6    00000002     rtsv7M4_T_le_v4SPD16_eabi.lib : i_div0.obj (.text)
                  00006da8    000000d4     AHRS.obj (.text:Angulos_Euler)
                  00006e7c    00000004     Config_pem4f.oem4f (.text:ti_sysbios_family_arm_m3_TaskSupport_Module__startupDone__S)
                  00006e80    000000cc     sysbios.aem4f : BIOS.obj (.text:ti_sysbios_knl_Task_schedule__I)
                  00006f4c    000000cc     ti.targets.arm.rtsarm.aem4f : Core-smem.oem4f (.text:xdc_runtime_Core_constructObject__I)
                  00007018    000000c2     dsplib-cm4f.lib : arm_scale_q15.obj (.text:arm_scale_q15)
                  000070da    00000002     Config_pem4f.oem4f (.text:ti_sysbios_BIOS_nullFunc__I)
                  000070dc    000000bc     IMU_MPU9250.obj (.text:Leer_IMU_MPU9250)
                  00007198    000000bc     sysbios.aem4f : BIOS.obj (.text:ti_sysbios_family_arm_m3_Hwi_excDebugMon__I)
                  00007254    00000004     Config_pem4f.oem4f (.text:ti_sysbios_heaps_HeapMem_Module_GateProxy_enter__E)
                  00007258    000000bc     sysbios.aem4f : BIOS.obj (.text:ti_sysbios_family_arm_m3_Hwi_excHardFault__I)
                  00007314    00000004     Config_pem4f.oem4f (.text:ti_sysbios_heaps_HeapMem_Module_GateProxy_leave__E)
                  00007318    000000bc     sysbios.aem4f : BIOS.obj (.text:ti_sysbios_knl_Task_startCore__E)
                  000073d4    000000b4     AHRS_TASK.obj (.text:Calculo_AHRS)
                  00007488    000000b4     sysbios.aem4f : BIOS.obj (.text:ti_sysbios_gates_GateMutex_enter__E)
                  0000753c    00000004     Config_pem4f.oem4f (.text:ti_sysbios_knl_Clock_TimerProxy_getMaxTicks__E)
                  00007540    000000b4     sysbios.aem4f : BIOS.obj (.text:ti_sysbios_knl_Task_checkStacks__E)
                  000075f4    00000004     Config_pem4f.oem4f (.text:ti_sysbios_knl_Clock_TimerProxy_getPeriod__E)
                  000075f8    000000ac     sysbios.aem4f : BIOS.obj (.text:ti_sysbios_family_arm_lm4_Timer_enableTiva__I)
                  000076a4    00000004     Config_pem4f.oem4f (.text:ti_sysbios_knl_Clock_destruct)
                  000076a8    000000ac     sysbios.aem4f : BIOS.obj (.text:ti_sysbios_knl_Swi_post__E)
                  00007754    000000a8     AHRS.obj (.text:Compensacion_Sensor_magnetico)
                  000077fc    00000004     Config_pem4f.oem4f (.text:ti_sysbios_knl_Queue_destruct)
                  00007800    000000a8     sysbios.aem4f : BIOS.obj (.text:ti_sysbios_family_arm_lm4_Timer_enableTimers__I)
                  000078a8    000000a8                   : BIOS.obj (.text:ti_sysbios_knl_Task_blockI__E)
                  00007950    000000a8                   : BIOS.obj (.text:ti_sysbios_knl_Task_postInit__I)
                  000079f8    000000a4     Servidores.obj (.text:Iniciar_Servidores)
                  00007a9c    000000a4     drivers_tivaware.aem4f : WatchdogTiva.oem4f (.text:WatchdogTiva_open)
                  00007b40    000000a4     sysbios.aem4f : BIOS.obj (.text:ti_sysbios_knl_Clock_Instance_finalize__E)
                  00007be4    000000a0     auto_init.aem4f : auto_init.oem4f (.text)
                  00007c84    000000a0     ti.targets.arm.rtsarm.aem4f : Text.oem4f (.text:xdc_runtime_Text_putMod__E)
                  00007d24    0000009c     rtsv7M4_T_le_v4SPD16_eabi.lib : memcpy_t2.obj (.text)
                  00007dc0    0000009c     sysbios.aem4f : BIOS.obj (.text:ti_sysbios_knl_Semaphore_Instance_init__E)
                  00007e5c    0000009a     ti.targets.arm.rtsarm.aem4f : Text.oem4f (.text:xdc_runtime_Text_putSite__E)
                  00007ef6    00000002     Config_pem4f.oem4f (.text:ti_uia_loggers_LoggerStopMode_setFilterLevel__E)
                  00007ef8    00000098     drivers_tivaware.aem4f : GPIOTiva.oem4f (.text:GPIO_init)
                  00007f90    00000098                            : UARTTiva.oem4f (.text:UARTTiva_readPolling)
                  00008028    00000098     dsplib-cm4f.lib : arm_add_q15.obj (.text:arm_add_q15)
                  000080c0    00000098     Boot.aem4f : Boot.oem4f (.text:ti_catalog_arm_cortexm4_tiva_ce_Boot_sysCtlClockSet__E)
                  00008158    00000094     dsplib-cm4f.lib : arm_mat_add_f32.obj (.text:arm_mat_add_f32)
                  000081ec    00000094                     : arm_mat_sub_f32.obj (.text:arm_mat_sub_f32)
                  00008280    00000094     sysbios.aem4f : BIOS.obj (.text:ti_sysbios_family_arm_m3_Hwi_Instance_init__E)
                  00008314    00000004     Config_pem4f.oem4f (.text:ti_sysbios_knl_Semaphore_destruct)
                  00008318    00000094     sysbios.aem4f : BIOS.obj (.text:ti_sysbios_family_arm_m3_Hwi_initNVIC__E)
                  000083ac    00000004     ti.uia.loggers.aem4f : LoggerStopMode.oem4f (.text:ti_uia_loggers_LoggerStopMode_getContents__E)
                  000083b0    00000094     sysbios.aem4f : BIOS.obj (.text:ti_sysbios_knl_Task_exit__E)
                  00008444    00000092     dsplib-cm4f.lib : arm_dot_prod_q15.obj (.text:arm_dot_prod_q15)
                  000084d6    00000002     ti.uia.loggers.aem4f : LoggerStopMode.oem4f (.text:ti_uia_loggers_LoggerStopMode_setPriority__E)
                  000084d8    00000090     sysbios.aem4f : BIOS.obj (.text:ti_sysbios_knl_Task_unblockI__E)
                  00008568    00000090     ti.uia.loggers.aem4f : LoggerStopMode.oem4f (.text:ti_uia_loggers_LoggerStopMode_initQueueDescriptor__E)
                  000085f8    0000008e     drivers_tivaware.aem4f : UARTTiva.oem4f (.text:readTaskBlocking)
                  00008686    00000002     Config_pem4f.oem4f (.text:xdc_runtime_Startup_reset__I)
                  00008688    0000008c     Quad_board.obj (.text:QUAD_BOARD_initDMA)
                  00008714    0000008c     drivers_tivaware.aem4f : UARTTiva.oem4f (.text:UARTTiva_control)
                  000087a0    0000008c                            : UARTTiva.oem4f (.text:UARTTiva_write)
                  0000882c    0000008c     sysbios.aem4f : m3_TaskSupport_asm.obj (.text:ti_sysbios_family_arm_m3_TaskSupport_buildTaskStack)
                  000088b8    00000088     drivers_tivaware.aem4f : PWMTiva.oem4f (.text:PWMTiva_control)
                  00008940    00000088     sysbios.aem4f : BIOS.obj (.text:ti_sysbios_knl_Mailbox_Module_startup__E)
                  000089c8    00000086     rtsv7M4_T_le_v4SPD16_eabi.lib : fd_cmp_t2.obj (.text:__aeabi_cdrcmple)
                  00008a4e    00000002     --HOLE-- [fill = 0]
                  00008a50    00000084     driverlib.lib : udma.obj (.text:uDMAChannelTransferSet)
                  00008ad4    0000007e     drivers_tivaware.aem4f : I2CTiva.oem4f (.text:I2CTiva_transfer)
                  00008b52    00000002     --HOLE-- [fill = 0]
                  00008b54    0000007c     Quad_board.obj (.text:QUAD_BOARD_initUART)
                  00008bd0    0000007c     drivers_tivaware.aem4f : SPITivaDMA.oem4f (.text:SPITivaDMA_initHw)
                  00008c4c    0000007c                            : UARTTiva.oem4f (.text:readIsrTextBlocking)
                  00008cc8    0000007a                            : UARTTiva.oem4f (.text:readTaskCallback)
                  00008d42    0000007a     rtsv7M4_T_le_v4SPD16_eabi.lib : memset_t2.obj (.text)
                  00008dbc    00000076     drivers_tivaware.aem4f : UARTTiva.oem4f (.text:readIsrTextCallback)
                  00008e32    00000006     driverlib.lib : gpio.obj (.text:GPIOPinRead)
                  00008e38    00000074     sysbios.aem4f : BIOS.obj (.text:ti_sysbios_family_arm_m3_Hwi_postInit__I)
                  00008eac    00000004     Config_pem4f.oem4f (.text:ti_uia_loggers_LoggerStopMode_getFilterLevel__E)
                  00008eb0    00000074     sysbios.aem4f : BIOS.obj (.text:ti_sysbios_knl_Clock_start__E)
                  00008f24    00000074     ti.uia.runtime.aem4f : QueueDescriptor.oem4f (.text:ti_uia_runtime_QueueDescriptor_addToList__E)
                  00008f98    00000070     Quad_board.obj (.text:QUAD_BOARD_initI2C)
                  00009008    00000070     drivers_tivaware.aem4f : SPITivaDMA.oem4f (.text:SPITivaDMA_transferCancel)
                  00009078    0000006e     rtsv7M4_T_le_v4SPD16_eabi.lib : fd_tos_t2.obj (.text)
                  000090e6    00000002     --HOLE-- [fill = 0]
                  000090e8    0000006c     sysbios.aem4f : BIOS.obj (.text:ti_sysbios_gates_GateMutexPri_leave__E)
                  00009154    0000006c     drivers_tivaware.aem4f : UARTTiva.oem4f (.text:writeData)
                  000091c0    0000006c     ti.targets.arm.rtsarm.aem4f : Error.oem4f (.text:xdc_runtime_Error_print__E)
                  0000922c    0000006c                                 : Memory.oem4f (.text:xdc_runtime_Memory_alloc__E)
                  00009298    0000006a     drivers_tivaware.aem4f : PWMTiva.oem4f (.text:PWMTiva_close)
                  00009302    0000006a     rtsv7M4_T_le_v4SPD16_eabi.lib : copy_decompress_rle.obj (.text)
                  0000936c    00000068                                   : trgmsg.obj (.text)
                  000093d4    00000066     ti.uia.loggers.aem4f : LoggerStopMode.oem4f (.text:ti_uia_loggers_LoggerStopMode_flush__E)
                  0000943a    00000066     ti.targets.arm.rtsarm.aem4f : Core-mem.oem4f (.text:xdc_runtime_Core_deleteObject__I)
                  000094a0    00000064     drivers_tivaware.aem4f : GPIOTiva.oem4f (.text:GPIO_hwiIntFxn)
                  00009504    00000004     ti.uia.loggers.aem4f : LoggerStopMode.oem4f (.text:ti_uia_loggers_LoggerStopMode_getInstanceId__E)
                  00009508    00000064     sysbios.aem4f : BIOS.obj (.text:ti_sysbios_family_arm_lm4_Timer_Module_startup__E)
                  0000956c    00000064     Config_pem4f.oem4f (.text:ti_sysbios_family_arm_m3_Hwi_create)
                  000095d0    00000064     ti.targets.arm.rtsarm.aem4f : System.oem4f (.text:xdc_runtime_System_formatNum__I)
                  00009634    00000062     drivers_tivaware.aem4f : I2CTiva.oem4f (.text:I2CTiva_primeTransfer)
                  00009696    00000062                            : SPITivaDMA.oem4f (.text:SPITivaDMA_transfer)
                  000096f8    00000060     sysbios.aem4f : BIOS.obj (.text:ti_sysbios_family_arm_lm4_Timer_isrStub__E)
                  00009758    00000060                   : BIOS.obj (.text:ti_sysbios_knl_Clock_logTick__E)
                  000097b8    0000005c     Quad_board.obj (.text:QUAD_BOARD_initGPIO)
                  00009814    00000004     ti.uia.loggers.aem4f : LoggerStopMode.oem4f (.text:ti_uia_loggers_LoggerStopMode_getMaxLength__E)
                  00009818    0000005c     sysbios.aem4f : BIOS.obj (.text:ti_sysbios_knl_Swi_restoreHwi__E)
                  00009874    00000004     ti.uia.loggers.aem4f : LoggerStopMode.oem4f (.text:ti_uia_loggers_LoggerStopMode_getPriority__E)
                  00009878    0000005c     sysbios.aem4f : BIOS.obj (.text:ti_sysbios_knl_Swi_schedule__I)
                  000098d4    00000004     ti.uia.loggers.aem4f : LoggerStopMode.oem4f (.text:ti_uia_loggers_LoggerStopMode_getTransferType__E)
                  000098d8    0000005c     sysbios.aem4f : BIOS.obj (.text:ti_sysbios_knl_Task_Module_startup__E)
                  00009934    0000005c     Config_pem4f.oem4f (.text:ti_sysbios_knl_Task_create)
                  00009990    0000005b     ti.targets.arm.rtsarm.aem4f : Text.oem4f (.text:xdc_runtime_Text_putLab__E)
                  000099eb    00000001     --HOLE-- [fill = 0]
                  000099ec    00000058     boot.aem4f : boot.oem4f (.text)
                  00009a44    00000058     Config_pem4f.oem4f (.text:ti_sysbios_family_arm_m3_Hwi_construct)
                  00009a9c    00000058     sysbios.aem4f : m3_Hwi_asm_switch.obj (.text:ti_sysbios_family_arm_m3_Hwi_initStacks__E)
                  00009af4    00000056     driverlib.lib : gpio.obj (.text:GPIOIntTypeSet)
                  00009b4a    00000002     --HOLE-- [fill = 0]
                  00009b4c    00000054     rtsv7M4_T_le_v4SPD16_eabi.lib : exit.obj (.text)
                  00009ba0    00000054     ti.targets.arm.rtsarm.aem4f : Assert.oem4f (.text:xdc_runtime_Assert_raise__I)
                  00009bf4    00000052     drivers_tivaware.aem4f : SPITivaDMA.oem4f (.text:SPITivaDMA_hwiFxn)
                  00009c46    00000052                            : UARTTiva.oem4f (.text:readIsrBinaryBlocking)
                  00009c98    00000050                            : GPIOTiva.oem4f (.text:GPIO_setCallback)
                  00009ce8    00000050                            : GPIOTiva.oem4f (.text:GPIO_write)
                  00009d38    00000050     driverlib.lib : sysctl.obj (.text:SysCtlPeripheralReset)
                  00009d88    00000050     sysbios.aem4f : BIOS.obj (.text:ti_sysbios_family_arm_m3_Hwi_Module_startup__E)
                  00009dd8    00000050     ti.targets.arm.rtsarm.aem4f : Startup.oem4f (.text:xdc_runtime_Startup_exec__E)
                  00009e28    00000050                                 : Text.oem4f (.text:xdc_runtime_Text_visitRope2__I)
                  00009e78    0000004c     drivers_tivaware.aem4f : UARTTiva.oem4f (.text:UARTTiva_close)
                  00009ec4    0000004c     dsplib-cm4f.lib : arm_copy_q15.obj (.text:arm_copy_q15)
                  00009f10    0000004c     drivers_tivaware.aem4f : UARTTiva.oem4f (.text:readIsrBinaryCallback)
                  00009f5c    0000004c     rtsv7M4_T_le_v4SPD16_eabi.lib : cpy_tbl.obj (.text)
                  00009fa8    0000004c     sysbios.aem4f : BIOS.obj (.text:ti_sysbios_heaps_HeapMem_getStats__E)
                  00009ff4    00000004     ti.targets.arm.rtsarm.aem4f : Error.oem4f (.text:xdc_runtime_Error_getSite__E)
                  00009ff8    0000004c     sysbios.aem4f : BIOS.obj (.text:ti_sysbios_knl_Swi_runLoop__I)
                  0000a044    00000004     Config_pem4f.oem4f (.text:xdc_runtime_System_Module_GateProxy_enter__E)
                  0000a048    0000004c     sysbios.aem4f : BIOS.obj (.text:ti_sysbios_knl_Task_allBlockedFunction__I)
                  0000a094    0000004c     ti.uia.loggers.aem4f : LoggerStopMode.oem4f (.text:ti_uia_loggers_LoggerStopMode_Module_startup__E)
                  0000a0e0    00000048     driverlib.lib : gpio.obj (.text:GPIOPinConfigure)
                  0000a128    00000048                   : i2c.obj (.text:I2CMasterInitExpClk)
                  0000a170    00000048     Quad_board.obj (.text:QUAD_BOARD_initPWM)
                  0000a1b8    00000048     drivers_tivaware.aem4f : UARTTiva.oem4f (.text:UARTTiva_writeCancel)
                  0000a200    00000048     dsplib-cm4f.lib : arm_copy_f32.obj (.text:arm_copy_f32)
                  0000a248    00000048     rtsv7M4_T_le_v4SPD16_eabi.lib : fd_toi_t2.obj (.text)
                  0000a290    00000048     sysbios.aem4f : BIOS.obj (.text:ti_sysbios_family_arm_m3_Hwi_disableInterrupt__E)
                  0000a2d8    00000048                   : BIOS.obj (.text:ti_sysbios_family_arm_m3_Hwi_enableInterrupt__E)
                  0000a320    00000048                   : BIOS.obj (.text:ti_sysbios_family_arm_m3_Hwi_excReserved__I)
                  0000a368    00000046     drivers_tivaware.aem4f : RingBuf.oem4f (.text:RingBuf_put)
                  0000a3ae    00000046     ti.targets.arm.rtsarm.aem4f : Core-params.oem4f (.text:xdc_runtime_Core_assignParams__I)
                  0000a3f4    00000004     Config_pem4f.oem4f (.text:xdc_runtime_System_Module_GateProxy_leave__E)
                  0000a3f8    00000044     sysbios.aem4f : BIOS.obj (.text:ti_sysbios_family_arm_lm4_Timer_stop__E)
                  0000a43c    00000004     ti.targets.arm.rtsarm.aem4f : System.oem4f (.text:xdc_runtime_System_aprintf_va__F)
                  0000a440    00000044     sysbios.aem4f : BIOS.obj (.text:ti_sysbios_family_arm_m3_Hwi_getStackInfo__E)
                  0000a484    00000044     ti.uia.loggers.aem4f : LoggerStopMode.oem4f (.text:ti_uia_loggers_LoggerStopMode_initBuffer__I)
                  0000a4c8    00000044     ti.targets.arm.rtsarm.aem4f : Error.oem4f (.text:xdc_runtime_Error_setX__E)
                  0000a50c    00000044                                 : SysMin.oem4f (.text:xdc_runtime_SysMin_flush__E)
                  0000a550    00000044                                 : Text.oem4f (.text:xdc_runtime_Text_xprintf__I)
                  0000a594    00000042     driverlib.lib : ssi.obj (.text:SSIConfigSetExpClk)
                  0000a5d6    00000042                   : uart.obj (.text:UARTConfigSetExpClk)
                  0000a618    00000042     drivers_tivaware.aem4f : UARTTiva.oem4f (.text:UARTTiva_writePolling)
                  0000a65a    00000002     --HOLE-- [fill = 0]
                  0000a65c    00000040     Servidores.obj (.text:Leer_servidor_RPY)
                  0000a69c    00000040     drivers_tivaware.aem4f : RingBuf.oem4f (.text:RingBuf_get)
                  0000a6dc    00000040                            : UARTTiva.oem4f (.text:UARTTiva_read)
                  0000a71c    00000040     rtsv7M4_T_le_v4SPD16_eabi.lib : u_divt2.obj (.text)
                  0000a75c    00000004     ti.targets.arm.rtsarm.aem4f : System.oem4f (.text:xdc_runtime_System_printf_va__F)
                  0000a760    00000040     sysbios.aem4f : BIOS.obj (.text:ti_sysbios_family_arm_lm4_Timer_startup__E)
                  0000a7a0    0000003c     drivers_tivaware.aem4f : SPITivaDMA.oem4f (.text:SPITivaDMA_close)
                  0000a7dc    0000003c     Quad_board.obj (.text:dmaErrorHwi)
                  0000a818    0000003c     sysbios.aem4f : BIOS.obj (.text:ti_sysbios_family_arm_m3_Hwi_excSvCall__I)
                  0000a854    00000004     --HOLE-- [fill = 0]
                  0000a858    0000003c                   : BIOS.obj (.text:ti_sysbios_family_arm_m3_TaskSupport_start__E)
                  0000a894    00000004     --HOLE-- [fill = 0]
                  0000a898    0000003c                   : BIOS.obj (.text:ti_sysbios_heaps_HeapMem_init__I)
                  0000a8d4    00000004     --HOLE-- [fill = 0]
                  0000a8d8    0000003c                   : BIOS.obj (.text:ti_sysbios_knl_Swi_restore__E)
                  0000a914    0000003a     drivers_tivaware.aem4f : I2CTiva.oem4f (.text:I2CTiva_completeTransfer)
                  0000a94e    0000003a     dsplib-cm4f.lib : arm_fill_f32.obj (.text:arm_fill_f32)
                  0000a988    00000038     Servidores.obj (.text:Escribir_servidor_Referencia)
                  0000a9c0    00000038     drivers_tivaware.aem4f : I2C.oem4f (.text:I2C_init)
                  0000a9f8    00000038     Servidores.obj (.text:Leer_servidor_Referencia)
                  0000aa30    00000038     drivers_tivaware.aem4f : PWM.oem4f (.text:PWM_init)
                  0000aa68    00000038     Quad_board.obj (.text:QUAD_BOARD_initGeneral)
                  0000aaa0    00000038     Quad_board.obj (.text:QUAD_BOARD_initSPI)
                  0000aad8    00000038     drivers_tivaware.aem4f : SPI.oem4f (.text:SPI_init)
                  0000ab10    00000038                            : UART.oem4f (.text:UART_init)
                  0000ab48    00000038                            : Watchdog.oem4f (.text:Watchdog_init)
                  0000ab80    00000038     rtsv7M4_T_le_v4SPD16_eabi.lib : fs_tod_t2.obj (.text)
                  0000abb8    00000038     sysbios.aem4f : BIOS.obj (.text:ti_sysbios_family_arm_m3_Hwi_excNoIsr__I)
                  0000abf0    00000038     Config_pem4f.oem4f (.text:ti_sysbios_knl_Clock_create)
                  0000ac28    00000038     sysbios.aem4f : BIOS.obj (.text:ti_sysbios_knl_Task_processVitalTaskFlag__I)
                  0000ac60    00000038     ti.targets.arm.rtsarm.aem4f : SysMin.oem4f (.text:xdc_runtime_SysMin_putch__E)
                  0000ac98    00000038                                 : System.oem4f (.text:xdc_runtime_System_atexit__E)
                  0000acd0    00000036     drivers_tivaware.aem4f : I2CTiva.oem4f (.text:I2CTiva_close)
                  0000ad06    00000036                            : UARTTiva.oem4f (.text:UARTTiva_readCancel)
                  0000ad3c    00000034     driverlib.lib : sysctl.obj (.text:SysCtlPeripheralEnable)
                  0000ad70    00000034     drivers_tivaware.aem4f : UARTTiva.oem4f (.text:UARTTiva_hwiIntFxn)
                  0000ada4    00000004     --HOLE-- [fill = 0]
                  0000ada8    00000034     sysbios.aem4f : BIOS.obj (.text:ti_sysbios_family_arm_m3_Hwi_excNmi__I)
                  0000addc    00000004     --HOLE-- [fill = 0]
                  0000ade0    00000034                   : BIOS.obj (.text:ti_sysbios_hal_Hwi_checkStack)
                  0000ae14    00000034     Config_pem4f.oem4f (.text:ti_sysbios_knl_Clock_construct)
                  0000ae48    00000034     Config_pem4f.oem4f (.text:ti_sysbios_knl_Semaphore_create)
                  0000ae7c    00000034     ti.uia.loggers.aem4f : LoggerStopMode.oem4f (.text:ti_uia_loggers_LoggerStopMode_reset__E)
                  0000aeb0    00000034     ti.targets.arm.rtsarm.aem4f : Core-label.oem4f (.text:xdc_runtime_Core_assignLabel__I)
                  0000aee4    00000033                                 : Text.oem4f (.text:xdc_runtime_Text_printVisFxn__I)
                  0000af17    00000001     --HOLE-- [fill = 0]
                  0000af18    00000032     sysbios.aem4f : BIOS.obj (.text:ti_sysbios_hal_Hwi_initStack)
                  0000af4a    00000006     driverlib.lib : gpio.obj (.text:GPIOPinWrite)
                  0000af50    00000032     sysbios.aem4f : BIOS.obj (.text:ti_sysbios_knl_Semaphore_pendTimeout__I)
                  0000af82    00000002     --HOLE-- [fill = 0]
                  0000af84    00000030     Servidores.obj (.text:EscribirVariableAHRS_Orientacion_q15)
                  0000afb4    00000030     Servidores.obj (.text:Escribir_servidor_Variables_Estado_Estimadas)
                  0000afe4    00000030     Servidores.obj (.text:Escribir_servidor_Variables_Estado_Medidas)
                  0000b014    00000030     drivers_tivaware.aem4f : GPIOTiva.oem4f (.text:GPIO_read)
                  0000b044    00000030     Servidores.obj (.text:LeerVariableAHRS_Orientacion_q15)
                  0000b074    00000030     Servidores.obj (.text:Leer_servidor_Variables_Estado_Estimadas)
                  0000b0a4    00000030     drivers_tivaware.aem4f : PWMTiva.oem4f (.text:PWMTiva_init)
                  0000b0d4    00000030     Servidores.obj (.text:Resetear_servidor_Perturbaciones_Estimadas)
                  0000b104    00000030     Config_pem4f.oem4f (.text:ti_sysbios_BIOS_atExitFunc__I)
                  0000b134    00000030     Config_pem4f.oem4f (.text:ti_sysbios_gates_GateHwi_Object__create__S)
                  0000b164    00000030     Config_pem4f.oem4f (.text:ti_sysbios_gates_GateMutexPri_Object__create__S)
                  0000b194    00000030     Config_pem4f.oem4f (.text:ti_sysbios_gates_GateMutexPri_create)
                  0000b1c4    00000030     Config_pem4f.oem4f (.text:ti_sysbios_gates_GateMutex_Object__create__S)
                  0000b1f4    00000030     Config_pem4f.oem4f (.text:ti_sysbios_heaps_HeapMem_Object__create__S)
                  0000b224    00000030     Config_pem4f.oem4f (.text:ti_sysbios_knl_Semaphore_construct)
                  0000b254    00000030     Config_pem4f.oem4f (.text:ti_uia_loggers_LoggerStopMode_Object__create__S)
                  0000b284    00000030     ti.targets.arm.rtsarm.aem4f : SysMin.oem4f (.text:xdc_runtime_SysMin_abort__E)
                  0000b2b4    00000030                                 : System.oem4f (.text:xdc_runtime_System_processAtExit__E)
                  0000b2e4    0000002e     rtsv7M4_T_le_v4SPD16_eabi.lib : i_tofd_t2.obj (.text)
                  0000b312    00000002     --HOLE-- [fill = 0]
                  0000b314    0000002c     Servidores.obj (.text:Escribir_servidor_Lecturas_IMU)
                  0000b340    0000002c     Servidores.obj (.text:Escribir_servidor_Perturbaciones_Estimadas)
                  0000b36c    0000002c     Servidores.obj (.text:Leer_servidor_Lecturas_IMU_9DOF)
                  0000b398    0000002c     Servidores.obj (.text:Leer_servidor_Perturbaciones_Estimadas)
                  0000b3c4    00000004     --HOLE-- [fill = 0]
                  0000b3c8    0000002c     sysbios.aem4f : BIOS.obj (.text:ti_sysbios_family_arm_m3_Hwi_Instance_finalize__E)
                  0000b3f4    0000002c     Config_pem4f.oem4f (.text:ti_sysbios_knl_Clock_doTick__I)
                  0000b420    0000002c     Config_pem4f.oem4f (.text:ti_sysbios_knl_Queue_construct)
                  0000b44c    00000004     --HOLE-- [fill = 0]
                  0000b450    0000002c     sysbios.aem4f : BIOS.obj (.text:ti_sysbios_knl_Task_restore__E)
                  0000b47c    0000002c     driverlib.lib : udma.obj (.text:uDMAChannelAssign)
                  0000b4a8    0000002c     ti.targets.arm.rtsarm.aem4f : Text.oem4f (.text:xdc_runtime_Text_cordText__E)
                  0000b4d4    0000002a     driverlib.lib : gpio.obj (.text:GPIODirModeSet)
                  0000b4fe    0000002a     ti.targets.arm.rtsarm.aem4f : System.oem4f (.text:xdc_runtime_System_putchar__I)
                  0000b528    00000028     rtsv7M4_T_le_v4SPD16_eabi.lib : e_sqrtf.obj (.text)
                  0000b550    00000028     sysbios.aem4f : BIOS.obj (.text:ti_sysbios_knl_Swi_Module_startup__E)
                  0000b578    00000026                   : m3_Hwi_asm.obj (.text:ti_sysbios_family_arm_m3_Hwi_pendSV__I)
                  0000b59e    00000026     ti.targets.arm.rtsarm.aem4f : System.oem4f (.text:xdc_runtime_System_avprintf__E)
                  0000b5c4    00000024     Config_pem4f.oem4f (.text:ti_sysbios_BIOS_errorRaiseHook__I)
                  0000b5e8    00000024     Config_pem4f.oem4f (.text:ti_sysbios_BIOS_registerRTSLock__I)
                  0000b60c    00000024     Config_pem4f.oem4f (.text:ti_sysbios_BIOS_removeRTSLock__I)
                  0000b630    00000024     Config_pem4f.oem4f (.text:ti_sysbios_BIOS_startFunc__I)
                  0000b654    00000024     Config_pem4f.oem4f (.text:ti_sysbios_gates_GateMutexPri_Object__delete__S)
                  0000b678    00000024     Config_pem4f.oem4f (.text:ti_sysbios_gates_GateMutex_Object__delete__S)
                  0000b69c    00000004     --HOLE-- [fill = 0]
                  0000b6a0    00000024     sysbios.aem4f : BIOS.obj (.text:ti_sysbios_knl_Clock_Module_startup__E)
                  0000b6c4    00000004     --HOLE-- [fill = 0]
                  0000b6c8    00000024                   : BIOS.obj (.text:ti_sysbios_knl_Task_restoreHwi__E)
                  0000b6ec    00000024     driverlib.lib : udma.obj (.text:uDMAChannelControlSet)
                  0000b710    00000024     ti.targets.arm.rtsarm.aem4f : System.oem4f (.text:xdc_runtime_System_vprintf__E)
                  0000b734    00000022     driverlib.lib : pwm.obj (.text:PWMGenConfigure)
                  0000b756    00000022     drivers_tivaware.aem4f : PWMTiva.oem4f (.text:PWMTiva_getPeriodCounts)
                  0000b778    00000022     sysbios.aem4f : BIOS.obj (.text:ti_sysbios_family_arm_lm4_Timer_write__I)
                  0000b79a    00000022     Config_pem4f.oem4f (.text:xdc_runtime_SysMin_output__I)
                  0000b7bc    00000020     rtsv7M4_T_le_v4SPD16_eabi.lib : u_tofd_t2.obj (.text)
                  0000b7dc    00000020     Config_pem4f.oem4f (.text:ti_sysbios_BIOS_rtsLock__I)
                  0000b7fc    00000004     --HOLE-- [fill = 0]
                  0000b800    00000020     sysbios.aem4f : BIOS.obj (.text:ti_sysbios_family_arm_m3_Hwi_clearInterrupt__E)
                  0000b820    00000020                   : m3_Hwi_asm.obj (.text:ti_sysbios_family_arm_m3_Hwi_excHandlerAsm__I)
                  0000b840    00000020                   : BIOS.obj (.text:ti_sysbios_family_arm_m3_Hwi_excHandler__I)
                  0000b860    00000020     Config_pem4f.oem4f (.text:ti_sysbios_gates_GateHwi_Object__delete__S)
                  0000b880    00000020     Config_pem4f.oem4f (.text:ti_sysbios_heaps_HeapMem_Object__delete__S)
                  0000b8a0    00000020     Config_pem4f.oem4f (.text:ti_sysbios_knl_Clock_Object__destruct__S)
                  0000b8c0    00000020     sysbios.aem4f : BIOS.obj (.text:ti_sysbios_knl_Idle_run__E)
                  0000b8e0    00000020     Config_pem4f.oem4f (.text:ti_sysbios_knl_Semaphore_Object__destruct__S)
                  0000b900    00000020     Config_pem4f.oem4f (.text:ti_uia_loggers_LoggerStopMode_Object__delete__S)
                  0000b920    00000020     ti.targets.arm.rtsarm.aem4f : Registry.oem4f (.text:xdc_runtime_Registry_findById__E)
                  0000b940    00000020                                 : SysMin.oem4f (.text:xdc_runtime_SysMin_Module_startup__E)
                  0000b960    0000001e     driverlib.lib : pwm.obj (.text:PWMPulseWidthSet)
                  0000b97e    0000001e     drivers_tivaware.aem4f : PWMTiva.oem4f (.text:PWMTiva_getPeriodMicroSecs)
                  0000b99c    0000001e     sysbios.aem4f : m3_Hwi_asm_switch.obj (.text:ti_sysbios_family_xxx_Hwi_switchAndRunFunc)
                  0000b9ba    00000002     --HOLE-- [fill = 0]
                  0000b9bc    0000001c     driverlib.lib : uart.obj (.text:UARTDisable)
                  0000b9d8    0000001c     drivers_tivaware.aem4f : WatchdogTiva.oem4f (.text:WatchdogTiva_setReload)
                  0000b9f4    0000001c                            : GPIOTiva.oem4f (.text:getGpioIntIndex)
                  0000ba10    0000001c     Config_pem4f.oem4f (.text:ti_sysbios_family_arm_m3_Hwi_Object__destruct__S)
                  0000ba2c    00000004     --HOLE-- [fill = 0]
                  0000ba30    0000001c     sysbios.aem4f : BIOS.obj (.text:ti_sysbios_gates_GateMutexPri_Instance_init__E)
                  0000ba4c    00000004     --HOLE-- [fill = 0]
                  0000ba50    0000001c                   : BIOS.obj (.text:ti_sysbios_gates_GateMutex_Instance_init__E)
                  0000ba6c    0000001c     Config_pem4f.oem4f (.text:ti_sysbios_knl_Queue_Object__destruct__S)
                  0000ba88    0000001c     sysbios.aem4f : BIOS.obj (.text:ti_sysbios_knl_Task_enter__I)
                  0000baa4    0000001c     ti.uia.loggers.aem4f : LoggerStopMode.oem4f (.text:ti_uia_loggers_LoggerStopMode_Instance_init__E)
                  0000bac0    0000001c     ti.targets.arm.rtsarm.aem4f : Error.oem4f (.text:xdc_runtime_Error_raiseX__E)
                  0000badc    0000001c                                 : Memory.oem4f (.text:xdc_runtime_Memory_valloc__E)
                  0000baf8    0000001c                                 : SysMin.oem4f (.text:xdc_runtime_SysMin_exit__E)
                  0000bb14    0000001c                                 : System.oem4f (.text:xdc_runtime_System_abort__E)
                  0000bb30    0000001a     Config_pem4f.oem4f (.text:ti_sysbios_family_arm_m3_Hwi_Handle__label__S)
                  0000bb4a    0000001a     Config_pem4f.oem4f (.text:ti_sysbios_gates_GateHwi_Handle__label__S)
                  0000bb64    0000001a     Config_pem4f.oem4f (.text:ti_sysbios_gates_GateMutexPri_Handle__label__S)
                  0000bb7e    0000001a     Config_pem4f.oem4f (.text:ti_sysbios_gates_GateMutex_Handle__label__S)
                  0000bb98    0000001a     Config_pem4f.oem4f (.text:ti_sysbios_heaps_HeapMem_Handle__label__S)
                  0000bbb2    0000001a     Config_pem4f.oem4f (.text:ti_sysbios_knl_Swi_Handle__label__S)
                  0000bbcc    0000001a     Config_pem4f.oem4f (.text:ti_sysbios_knl_Task_Handle__label__S)
                  0000bbe6    0000001a     Config_pem4f.oem4f (.text:ti_uia_loggers_LoggerStopMode_Handle__label__S)
                  0000bc00    0000001a     Config_pem4f.oem4f (.text:xdc_runtime_System_aprintf__E)
                  0000bc1a    0000001a     Config_pem4f.oem4f (.text:xdc_runtime_System_printf__E)
                  0000bc34    00000018     driverlib.lib : gpio.obj (.text:GPIOPinTypeGPIOOutput)
                  0000bc4c    00000018     drivers_tivaware.aem4f : I2C.oem4f (.text:I2C_open)
                  0000bc64    00000018                            : PWM.oem4f (.text:PWM_open)
                  0000bc7c    00000018                            : UART.oem4f (.text:UART_Params_init)
                  0000bc94    00000018                            : UART.oem4f (.text:UART_open)
                  0000bcac    00000018     rtsv7M4_T_le_v4SPD16_eabi.lib : args_main.obj (.text)
                  0000bcc4    00000018                                   : ll_mul_t2.obj (.text)
                  0000bcdc    00000018     Config_pem4f.oem4f (.text:ti_sysbios_BIOS_rtsUnlock__I)
                  0000bcf4    00000018     Config_pem4f.oem4f (.text:ti_sysbios_family_arm_lm4_Timer_Module__startupDone__F)
                  0000bd0c    00000018     Config_pem4f.oem4f (.text:ti_sysbios_family_arm_m3_Hwi_Module__startupDone__F)
                  0000bd24    00000018     sysbios.aem4f : m3_TaskSupport_asm.obj (.text:ti_sysbios_family_arm_m3_TaskSupport_swap__E)
                  0000bd3c    00000004     --HOLE-- [fill = 0]
                  0000bd40    00000018                   : BIOS.obj (.text:ti_sysbios_gates_GateMutex_leave__E)
                  0000bd58    00000018     driverlib.lib : udma.obj (.text:uDMAChannelDisable)
                  0000bd70    00000018                   : udma.obj (.text:uDMAChannelEnable)
                  0000bd88    00000018                   : udma.obj (.text:uDMAChannelIsEnabled)
                  0000bda0    00000018     ti.targets.arm.rtsarm.aem4f : Error.oem4f (.text:xdc_runtime_Error_check__E)
                  0000bdb8    00000018                                 : System.oem4f (.text:xdc_runtime_System_exit__E)
                  0000bdd0    00000018                                 : Text.oem4f (.text:xdc_runtime_Text_ropeText__E)
                  0000bde8    00000016     driverlib.lib : i2c.obj (.text:I2CMasterErr)
                  0000bdfe    00000016     Config_pem4f.oem4f (.text:ti_sysbios_BIOS_exitFunc__I)
                  0000be14    00000016     ti.uia.loggers.aem4f : LoggerStopMode.oem4f (.text:ti_uia_loggers_LoggerStopMode_disable__E)
                  0000be2a    00000016                          : LoggerStopMode.oem4f (.text:ti_uia_loggers_LoggerStopMode_enable__E)
                  0000be40    00000014     driverlib.lib : pwm.obj (.text:PWMClockSet)
                  0000be54    00000014                   : sysctl.obj (.text:SysCtlPWMClockSet)
                  0000be68    00000014                   : uart.obj (.text:UARTEnable)
                  0000be7c    00000014     rtsv7M4_T_le_v4SPD16_eabi.lib : _lock.obj (.text)
                  0000be90    00000014                                   : strcpy.obj (.text)
                  0000bea4    00000014                                   : strlen.obj (.text)
                  0000beb8    00000014     Config_pem4f.oem4f (.text:ti_sysbios_family_arm_m3_Hwi_Object__get__S)
                  0000becc    00000004     --HOLE-- [fill = 0]
                  0000bed0    00000014     sysbios.aem4f : BIOS.obj (.text:ti_sysbios_family_arm_m3_Hwi_switchFromBootStack__E)
                  0000bee4    00000014     Config_pem4f.oem4f (.text:ti_sysbios_heaps_HeapMem_Object__get__S)
                  0000bef8    00000014     Config_pem4f.oem4f (.text:ti_sysbios_knl_Swi_Object__get__S)
                  0000bf0c    00000012     driverlib.lib : gpio.obj (.text:GPIOPinTypeGPIOInput)
                  0000bf1e    00000012                   : gpio.obj (.text:GPIOPinTypeI2C)
                  0000bf30    00000012                   : gpio.obj (.text:GPIOPinTypeI2CSCL)
                  0000bf42    00000012                   : gpio.obj (.text:GPIOPinTypePWM)
                  0000bf54    00000012                   : gpio.obj (.text:GPIOPinTypeSSI)
                  0000bf66    00000012                   : gpio.obj (.text:GPIOPinTypeUART)
                  0000bf78    00000012                   : pwm.obj (.text:PWMGenPeriodGet)
                  0000bf8a    00000012                   : pwm.obj (.text:PWMOutputInvert)
                  0000bf9c    00000012                   : pwm.obj (.text:PWMOutputState)
                  0000bfae    00000012     drivers_tivaware.aem4f : RingBuf.oem4f (.text:RingBuf_construct)
                  0000bfc0    00000012     driverlib.lib : ssi.obj (.text:SSIDataGetNonBlocking)
                  0000bfd2    00000006                   : i2c.obj (.text:I2CMasterIntDisable)
                  0000bfd8    00000012     sysbios.aem4f : BIOS.obj (.text:ti_sysbios_hal_Hwi_Module_startup__E)
                  0000bfea    00000006     driverlib.lib : i2c.obj (.text:I2CMasterIntEnable)
                  0000bff0    00000012     sysbios.aem4f : BIOS.obj (.text:ti_sysbios_hal_Timer_Module_startup__E)
                  0000c002    00000006     drivers_tivaware.aem4f : I2CTiva.oem4f (.text:I2CTiva_control)
                  0000c008    00000012     sysbios.aem4f : BIOS.obj (.text:ti_sysbios_knl_Semaphore_reset__E)
                  0000c01a    00000012     Config_pem4f.oem4f (.text:xdc_runtime_Startup_exec__I)
                  0000c02c    00000010     drivers_tivaware.aem4f : I2C.oem4f (.text:I2C_Params_init)
                  0000c03c    00000010     driverlib.lib : pwm.obj (.text:PWMGenPeriodSet)
                  0000c04c    00000010     drivers_tivaware.aem4f : PWM.oem4f (.text:PWM_Params_init)
                  0000c05c    00000010     Quad_board.obj (.text:QUAD_BOARD_initWatchdog)
                  0000c06c    00000010     drivers_tivaware.aem4f : UARTTiva.oem4f (.text:readBlockingTimeout)
                  0000c07c    00000004     --HOLE-- [fill = 0]
                  0000c080    00000010     sysbios.aem4f : BIOS.obj (.text:ti_sysbios_BIOS_getCpuFreq__E)
                  0000c090    00000010                   : BIOS.obj (.text:ti_sysbios_BIOS_setThreadType__E)
                  0000c0a0    00000010                   : BIOS.obj (.text:ti_sysbios_BIOS_start__E)
                  0000c0b0    00000010                   : BIOS.obj (.text:ti_sysbios_family_arm_lm4_TimestampProvider_rolloverFunc__E)
                  0000c0c0    00000010                   : m3_TaskSupport_asm.obj (.text:ti_sysbios_family_arm_m3_TaskSupport_glue)
                  0000c0d0    00000010                   : BIOS.obj (.text:ti_sysbios_gates_GateMutexPri_Instance_finalize__E)
                  0000c0e0    00000010                   : BIOS.obj (.text:ti_sysbios_gates_GateMutex_Instance_finalize__E)
                  0000c0f0    00000010     Config_pem4f.oem4f (.text:ti_sysbios_knl_Mailbox_Object__get__S)
                  0000c100    00000010     sysbios.aem4f : BIOS.obj (.text:ti_sysbios_knl_Semaphore_Instance_finalize__E)
                  0000c110    00000010                   : BIOS.obj (.text:ti_sysbios_knl_Swi_disable__E)
                  0000c120    00000010                   : BIOS.obj (.text:ti_sysbios_knl_Task_disable__E)
                  0000c130    00000010     Config_pem4f.oem4f (.text:ti_uia_loggers_LoggerStopMode_Object__get__S)
                  0000c140    00000010     ti.uia.loggers.aem4f : LoggerStopMode.oem4f (.text:ti_uia_loggers_LoggerStopMode_isEmpty__E)
                  0000c150    00000010     driverlib.lib : udma.obj (.text:uDMAEnable)
                  0000c160    00000010     ti.targets.arm.rtsarm.aem4f : Gate.oem4f (.text:xdc_runtime_Gate_leaveSystem__E)
                  0000c170    00000010                                 : Memory.oem4f (.text:xdc_runtime_Memory_free__E)
                  0000c180    00000010                                 : SysMin.oem4f (.text:xdc_runtime_SysMin_ready__E)
                  0000c190    00000010                                 : System.oem4f (.text:xdc_runtime_System_vsnprintf__E)
                  0000c1a0    00000010     Config_pem4f.oem4f (.text:xdc_runtime_Text_visitRope__I)
                  0000c1b0    0000000e     driverlib.lib : gpio.obj (.text:GPIOIntStatus)
                  0000c1be    0000000e                   : uart.obj (.text:UARTCharGetNonBlocking)
                  0000c1cc    0000000e                   : uart.obj (.text:UARTCharPutNonBlocking)
                  0000c1da    0000000e                   : watchdog.obj (.text:WatchdogStallDisable)
                  0000c1e8    0000000e                   : watchdog.obj (.text:WatchdogStallEnable)
                  0000c1f6    0000000e     rtsv7M4_T_le_v4SPD16_eabi.lib : copy_decompress_none.obj (.text:decompress:none)
                  0000c204    00000004     --HOLE-- [fill = 0]
                  0000c208    0000000e     sysbios.aem4f : BIOS.obj (.text:ti_sysbios_knl_Queue_empty__E)
                  0000c216    0000000e     Config_pem4f.oem4f (.text:ti_sysbios_knl_Task_Object__get__S)
                  0000c224    0000000c     Config_pem4f.oem4f (.text:.bootCodeSection:ti_catalog_arm_cortexm4_tiva_ce_Boot_init__I)
                  0000c230    0000000c     AHRS_TASK.obj (.text:CLK_Calculo_AHRS)
                  0000c23c    0000000c     Control_TASK.obj (.text:CLK_Control)
                  0000c248    0000000c     Coordinador_TASK.obj (.text:CLK_Coordinador)
                  0000c254    0000000c     IMU_TASK.obj (.text:CLK_Lectura_Datos_IMU)
                  0000c260    0000000c     driverlib.lib : pwm.obj (.text:PWMGenDisable)
                  0000c26c    0000000c                   : pwm.obj (.text:PWMGenEnable)
                  0000c278    0000000c     drivers_tivaware.aem4f : RingBuf.oem4f (.text:RingBuf_peek)
                  0000c284    0000000c     driverlib.lib : uart.obj (.text:UARTFlowControlSet)
                  0000c290    0000000c     drivers_tivaware.aem4f : UARTTiva.oem4f (.text:UARTTiva_init)
                  0000c29c    0000000c     driverlib.lib : watchdog.obj (.text:WatchdogUnlock)
                  0000c2a8    0000000c     sysbios.aem4f : BIOS.obj (.text:ti_sysbios_family_arm_lm4_Timer_getMaxTicks__E)
                  0000c2b4    00000004     --HOLE-- [fill = 0]
                  0000c2b8    0000000c                   : BIOS.obj (.text:ti_sysbios_family_arm_lm4_TimestampProvider_startTimer__E)
                  0000c2c4    0000000c     Config_pem4f.oem4f (.text:ti_sysbios_family_arm_m3_Hwi_Params__init__S)
                  0000c2d0    0000000c     sysbios.aem4f : BIOS.obj (.text:ti_sysbios_family_arm_m3_Hwi_disableFxn__E)
                  0000c2dc    00000004     --HOLE-- [fill = 0]
                  0000c2e0    0000000c                   : BIOS.obj (.text:ti_sysbios_family_arm_m3_TaskSupport_checkStack__E)
                  0000c2ec    00000004     --HOLE-- [fill = 0]
                  0000c2f0    0000000c                   : BIOS.obj (.text:ti_sysbios_family_arm_m3_TaskSupport_getStackAlignment__E)
                  0000c2fc    00000004     --HOLE-- [fill = 0]
                  0000c300    0000000c                   : BIOS.obj (.text:ti_sysbios_gates_GateHwi_enter__E)
                  0000c30c    0000000c     Config_pem4f.oem4f (.text:ti_sysbios_knl_Clock_Params__init__S)
                  0000c318    0000000c     Config_pem4f.oem4f (.text:ti_sysbios_knl_Queue_Object__get__S)
                  0000c324    0000000c     Config_pem4f.oem4f (.text:ti_sysbios_knl_Semaphore_Params__init__S)
                  0000c330    0000000c     Config_pem4f.oem4f (.text:ti_sysbios_knl_Task_Params__init__S)
                  0000c33c    0000000c     driverlib.lib : udma.obj (.text:uDMAControlBaseSet)
                  0000c348    0000000c                   : udma.obj (.text:uDMAErrorStatusClear)
                  0000c354    0000000c                   : udma.obj (.text:uDMAErrorStatusGet)
                  0000c360    0000000c                   : udma.obj (.text:uDMAIntStatus)
                  0000c36c    0000000c     ti.targets.arm.rtsarm.aem4f : Error.oem4f (.text:xdc_runtime_Error_init__E)
                  0000c378    0000000c                                 : Gate.oem4f (.text:xdc_runtime_Gate_enterSystem__E)
                  0000c384    0000000c                                 : Memory.oem4f (.text:xdc_runtime_Memory_calloc__E)
                  0000c390    0000000c                                 : Memory.oem4f (.text:xdc_runtime_Memory_getMaxDefaultTypeAlign__E)
                  0000c39c    0000000a     driverlib.lib : i2c.obj (.text:I2CMasterDisable)
                  0000c3a6    0000000a                   : i2c.obj (.text:I2CMasterEnable)
                  0000c3b0    0000000a     drivers_tivaware.aem4f : I2CTiva.oem4f (.text:I2CTiva_init)
                  0000c3ba    0000000a                            : I2C.oem4f (.text:I2C_transfer)
                  0000c3c4    0000000a                            : PWM.oem4f (.text:PWM_setDuty)
                  0000c3ce    0000000a                            : SPITivaDMA.oem4f (.text:SPITivaDMA_init)
                  0000c3d8    0000000a     driverlib.lib : ssi.obj (.text:SSIDMADisable)
                  0000c3e2    0000000a                   : ssi.obj (.text:SSIDisable)
                  0000c3ec    0000000a                   : ssi.obj (.text:SSIEnable)
                  0000c3f6    0000000a                   : ssi.obj (.text:SSIIntDisable)
                  0000c400    0000000a                   : uart.obj (.text:UARTCharGet)
                  0000c40a    0000000a                   : uart.obj (.text:UARTCharPut)
                  0000c414    0000000a                   : uart.obj (.text:UARTIntDisable)
                  0000c41e    0000000a                   : uart.obj (.text:UARTIntStatus)
                  0000c428    0000000a                   : watchdog.obj (.text:WatchdogEnable)
                  0000c432    0000000a                   : watchdog.obj (.text:WatchdogResetDisable)
                  0000c43c    0000000a                   : watchdog.obj (.text:WatchdogResetEnable)
                  0000c446    0000000a     Config_pem4f.oem4f (.text:xdc_runtime_IHeap_alloc)
                  0000c450    0000000a     Config_pem4f.oem4f (.text:xdc_runtime_IHeap_free)
                  0000c45a    00000008     driverlib.lib : i2c.obj (.text:I2CMasterIntClear)
                  0000c462    00000008                   : i2c.obj (.text:I2CMasterSlaveAddrSet)
                  0000c46a    00000008     drivers_tivaware.aem4f : I2CTiva.oem4f (.text:I2CTiva_blockingCallback)
                  0000c472    00000008     driverlib.lib : ssi.obj (.text:SSIDMAEnable)
                  0000c47a    00000008                   : ssi.obj (.text:SSIIntEnable)
                  0000c482    00000008                   : uart.obj (.text:UARTIntEnable)
                  0000c48a    00000008                   : watchdog.obj (.text:WatchdogLock)
                  0000c492    00000008     drivers_tivaware.aem4f : WatchdogTiva.oem4f (.text:WatchdogTiva_clear)
                  0000c49a    00000008                            : WatchdogTiva.oem4f (.text:WatchdogTiva_init)
                  0000c4a2    00000008                            : UARTTiva.oem4f (.text:readSemCallback)
                  0000c4aa    00000008     sysbios.aem4f : BIOS.obj (.text:ti_sysbios_family_arm_lm4_Timer_masterDisable__I)
                  0000c4b2    00000006     drivers_tivaware.aem4f : SPITivaDMA.oem4f (.text:SPITivaDMA_control)
                  0000c4b8    00000008     sysbios.aem4f : BIOS.obj (.text:ti_sysbios_family_arm_m3_Hwi_doSwiRestore__I)
                  0000c4c0    00000008                   : BIOS.obj (.text:ti_sysbios_family_arm_m3_Hwi_startup__E)
                  0000c4c8    00000008     drivers_tivaware.aem4f : UARTTiva.oem4f (.text:writeSemCallback)
                  0000c4d0    00000006                            : SPITivaDMA.oem4f (.text:SPITivaDMA_transferCallback)
                  0000c4d6    00000006     driverlib.lib : uart.obj (.text:UARTFIFOLevelSet)
                  0000c4dc    00000006                   : watchdog.obj (.text:WatchdogIntClear)
                  0000c4e2    00000006     drivers_tivaware.aem4f : WatchdogTiva.oem4f (.text:WatchdogTiva_control)
                  0000c4e8    00000006     rtsv7M4_T_le_v4SPD16_eabi.lib : copy_decompress_rle.obj (.text:decompress:rle24)
                  0000c4ee    00000006     Boot.aem4f : Boot_sysctl.oem4f (.text:ti_catalog_arm_cortexm4_tiva_ce_Boot_sysCtlDelayI__I)
                  0000c4f4    00000004     --HOLE-- [fill = 0]
                  0000c4f8    00000006     sysbios.aem4f : BIOS.obj (.text:ti_sysbios_family_arm_lm4_TimestampProvider_Module_startup__E)
                  0000c4fe    00000002     --HOLE-- [fill = 0]
                  0000c500    00000006                   : BIOS.obj (.text:ti_sysbios_family_arm_m3_Hwi_doTaskRestore__I)
                  0000c506    00000002     --HOLE-- [fill = 0]
                  0000c508    00000006                   : BIOS.obj (.text:ti_sysbios_family_arm_m3_Hwi_restoreFxn__E)
                  0000c50e    00000002     --HOLE-- [fill = 0]
                  0000c510    00000006                   : BIOS.obj (.text:ti_sysbios_gates_GateHwi_leave__E)
                  0000c516    00000002     --HOLE-- [fill = 0]
                  0000c518    00000006                   : BIOS.obj (.text:ti_sysbios_heaps_HeapMem_isBlocking__E)
                  0000c51e    00000002     --HOLE-- [fill = 0]
                  0000c520    00000006                   : BIOS.obj (.text:ti_sysbios_knl_Clock_stop__E)
                  0000c526    00000002     --HOLE-- [fill = 0]
                  0000c528    00000006                   : BIOS.obj (.text:ti_sysbios_knl_Queue_Instance_init__E)
                  0000c52e    00000002     --HOLE-- [fill = 0]
                  0000c530    00000006                   : BIOS.obj (.text:ti_sysbios_knl_Swi_startup__E)
                  0000c536    00000006     ti.targets.arm.rtsarm.aem4f : System.oem4f (.text:xdc_runtime_System_Module_startup__E)
                  0000c53c    00000004     --HOLE-- [fill = 0]
                  0000c540    00000004     sysbios.aem4f : BIOS.obj (.text:ti_sysbios_family_arm_lm4_Timer_getPeriod__E)
                  0000c544    00000004     --HOLE-- [fill = 0]
                  0000c548    00000004                   : BIOS.obj (.text:ti_sysbios_gates_GateHwi_query__E)
                  0000c54c    00000004     --HOLE-- [fill = 0]
                  0000c550    00000004                   : BIOS.obj (.text:ti_sysbios_gates_GateMutexPri_query__E)
                  0000c554    00000004     --HOLE-- [fill = 0]
                  0000c558    00000004                   : BIOS.obj (.text:ti_sysbios_gates_GateMutex_query__E)
                  0000c55c    00000004     --HOLE-- [fill = 0]
                  0000c560    00000004                   : BIOS.obj (.text:ti_sysbios_knl_Task_startup__E)
                  0000c564    00000004     --HOLE-- [fill = 0]
                  0000c568    00000002                   : BIOS.obj (.text:ti_sysbios_gates_GateHwi_Instance_init__E)

.const     0    0000c570    00003cb6     
                  0000c570    00001f1d     Config_pem4f.oem4f (.const:xdc_runtime_Text_charTab__A)
                  0000e48d    00000001     IMU_MPU9250.obj (.const:.string:$P$T1$2)
                  0000e48e    00000002     Config_pem4f.oem4f (.const:ti_catalog_arm_cortexm4_tiva_ce_Boot_Module__id__C)
                  0000e490    00000804     dsplib-cm4f.lib : arm_common_tables.obj (.const:sinTable_q31)
                  0000ec94    00000190     Funciones_Transferencia.obj (.const:F_matriz)
                  0000ee24    00000190     Funciones_Transferencia.obj (.const:Lo_per_matriz)
                  0000efb4    00000104     Config_pem4f.oem4f (.const:xdc_runtime_Text_nodeTab__A)
                  0000f0b8    000000a0     Funciones_Transferencia.obj (.const:G_matriz)
                  0000f158    000000a0     Funciones_Transferencia.obj (.const:Gp_matriz)
                  0000f1f8    000000a0     Funciones_Transferencia.obj (.const:K_3_matriz)
                  0000f298    000000a0     Funciones_Transferencia.obj (.const:K_4_matriz)
                  0000f338    000000a0     Funciones_Transferencia.obj (.const:Lp_matriz)
                  0000f3d8    00000098     rtsv7M4_T_le_v4SPD16_eabi.lib : s_atan.obj (.const:$O1$$)
                  0000f470    00000090     driverlib.lib : gpio.obj (.const:g_pui32GPIOBaseAddrs)
                  0000f500    00000064     drivers_tivaware.aem4f : SPITivaDMA.oem4f (.const)
                  0000f564    00000060     Config_pem4f.oem4f (.const:ti_uia_loggers_LoggerStopMode_Module__FXNS__C)
                  0000f5c4    00000060     Quad_board.obj (.const:uartTivaHWAttrs)
                  0000f624    00000054     drivers_tivaware.aem4f : GPIOTiva.oem4f (.const:.string)
                  0000f678    0000004c                            : UARTTiva.oem4f (.const)
                  0000f6c4    00000048     Config_pem4f.oem4f (.const:.string)
                  0000f70c    00000048     drivers_tivaware.aem4f : GPIOTiva.oem4f (.const:gpioBaseAddresses)
                  0000f754    00000040     Funciones_Transferencia.obj (.const:K_pre_3_matriz)
                  0000f794    00000040     Funciones_Transferencia.obj (.const:K_pre_4_matriz)
                  0000f7d4    00000040     Funciones_Transferencia.obj (.const:La_matriz)
                  0000f814    0000003c     Quad_board.obj (.const:PWM_config)
                  0000f850    0000003c     Quad_board.obj (.const:UART_config)
                  0000f88c    0000003c     Config_pem4f.oem4f (.const:ti_sysbios_knl_Task_Object__PARAMS__C)
                  0000f8c8    00000030     Quad_board.obj (.const:pwmTivaHWAttrs)
                  0000f8f8    00000030     Config_pem4f.oem4f (.const:ti_sysbios_family_arm_m3_Hwi_Object__PARAMS__C)
                  0000f928    00000030     Config_pem4f.oem4f (.const:xdc_runtime_Startup_sfxnTab__A)
                  0000f958    00000028     Control_TASK.obj (.const:$P$T4$5)
                  0000f980    00000028     Control_TASK.obj (.const:$P$T6$7)
                  0000f9a8    00000028     Control_TASK.obj (.const:$P$T8$9)
                  0000f9d0    00000028     drivers_tivaware.aem4f : UARTTiva.oem4f (.const:UARTTiva_fxnTable)
                  0000f9f8    00000028     Quad_board.obj (.const:spiTivaDMAHWAttrs)
                  0000fa20    00000028     Config_pem4f.oem4f (.const:ti_sysbios_heaps_HeapMem_Module__FXNS__C)
                  0000fa48    00000028     Config_pem4f.oem4f (.const:ti_uia_loggers_LoggerStopMode_Object__PARAMS__C)
                  0000fa70    00000024     Quad_board.obj (.const:I2C_config)
                  0000fa94    00000024     drivers_tivaware.aem4f : UART.oem4f (.const:UART_defaultParams)
                  0000fab8    00000024     Config_pem4f.oem4f (.const:ti_sysbios_gates_GateHwi_Module__FXNS__C)
                  0000fadc    00000024     Config_pem4f.oem4f (.const:ti_sysbios_gates_GateMutexPri_Module__FXNS__C)
                  0000fb00    00000024     Config_pem4f.oem4f (.const:ti_sysbios_gates_GateMutex_Module__FXNS__C)
                  0000fb24    00000024     Config_pem4f.oem4f (.const:ti_sysbios_heaps_HeapMem_Object__PARAMS__C)
                  0000fb48    00000024     Config_pem4f.oem4f (.const:ti_sysbios_knl_Clock_Object__PARAMS__C)
                  0000fb6c    00000024     Config_pem4f.oem4f (.const:ti_sysbios_knl_Semaphore_Object__PARAMS__C)
                  0000fb90    00000020     drivers_tivaware.aem4f : PWMTiva.oem4f (.const)
                  0000fbb0    00000020                            : SPI.oem4f (.const)
                  0000fbd0    00000020     Config_pem4f.oem4f (.const:ti_sysbios_family_arm_m3_Hwi_Object__DESC__C)
                  0000fbf0    00000020     Config_pem4f.oem4f (.const:ti_sysbios_gates_GateHwi_Object__DESC__C)
                  0000fc10    00000020     Config_pem4f.oem4f (.const:ti_sysbios_gates_GateMutexPri_Object__DESC__C)
                  0000fc30    00000020     Config_pem4f.oem4f (.const:ti_sysbios_gates_GateMutex_Object__DESC__C)
                  0000fc50    00000020     Config_pem4f.oem4f (.const:ti_sysbios_heaps_HeapMem_Object__DESC__C)
                  0000fc70    00000020     Config_pem4f.oem4f (.const:ti_sysbios_knl_Clock_Object__DESC__C)
                  0000fc90    00000020     Config_pem4f.oem4f (.const:ti_sysbios_knl_Queue_Object__DESC__C)
                  0000fcb0    00000020     Config_pem4f.oem4f (.const:ti_sysbios_knl_Semaphore_Object__DESC__C)
                  0000fcd0    00000020     Config_pem4f.oem4f (.const:ti_sysbios_knl_Task_Object__DESC__C)
                  0000fcf0    00000020     Config_pem4f.oem4f (.const:ti_uia_loggers_LoggerStopMode_Object__DESC__C)
                  0000fd10    0000001c     drivers_tivaware.aem4f : I2CTiva.oem4f (.const)
                  0000fd2c    00000018     Quad_board.obj (.const:SPI_config)
                  0000fd44    00000018     Quad_board.obj (.const:Watchdog_config)
                  0000fd5c    00000018     drivers_tivaware.aem4f : WatchdogTiva.oem4f (.const)
                  0000fd74    00000018     Quad_board.obj (.const:i2cTivaHWAttrs)
                  0000fd8c    00000018     Config_pem4f.oem4f (.const:ti_sysbios_gates_GateHwi_Object__PARAMS__C)
                  0000fda4    00000018     Config_pem4f.oem4f (.const:ti_sysbios_gates_GateMutexPri_Object__PARAMS__C)
                  0000fdbc    00000018     Config_pem4f.oem4f (.const:ti_sysbios_gates_GateMutex_Object__PARAMS__C)
                  0000fdd4    00000018     Config_pem4f.oem4f (.const:ti_sysbios_knl_Queue_Object__PARAMS__C)
                  0000fdec    00000018     Config_pem4f.oem4f (.const:xdc_runtime_Startup_sfxnRts__A)
                  0000fe04    00000014     Quad_board.obj (.const:GPIOTiva_config)
                  0000fe18    00000014     Config_pem4f.oem4f (.const:xdc_runtime_Startup_firstFxns__A)
                  0000fe2c    00000012     AHRS.obj (.const:$P$T0$1)
                  0000fe3e    00000012     AHRS.obj (.const:$P$T2$3)
                  0000fe50    00000012     AHRS.obj (.const:$P$T4$5)
                  0000fe62    00000011     ti.targets.arm.rtsarm.aem4f : System.oem4f (.const:.string)
                  0000fe73    00000001     Config_pem4f.oem4f (.const:xdc_runtime_Error_policy__C)
                  0000fe74    00000010     Control_TASK.obj (.const:$P$T0$1)
                  0000fe84    00000010     Coordinador_TASK.obj (.const:$P$T0$2)
                  0000fe94    00000010     Control_TASK.obj (.const:$P$T10$11)
                  0000fea4    00000010     Control_TASK.obj (.const:$P$T12$13)
                  0000feb4    00000010     Control_TASK.obj (.const:$P$T2$3)
                  0000fec4    00000010     drivers_tivaware.aem4f : I2C.oem4f (.const)
                  0000fed4    00000010     Quad_board.obj (.const:watchdogTivaHWAttrs)
                  0000fee4    0000000c     drivers_tivaware.aem4f : PWM.oem4f (.const)
                  0000fef0    0000000c                            : Watchdog.oem4f (.const)
                  0000fefc    00000008     Funciones_Transferencia.obj (.const:F)
                  0000ff04    00000008     Funciones_Transferencia.obj (.const:G)
                  0000ff0c    00000008     Funciones_Transferencia.obj (.const:Gp)
                  0000ff14    00000008     Funciones_Transferencia.obj (.const:K_3)
                  0000ff1c    00000008     Funciones_Transferencia.obj (.const:K_4)
                  0000ff24    00000008     Funciones_Transferencia.obj (.const:K_pre_3)
                  0000ff2c    00000008     Funciones_Transferencia.obj (.const:K_pre_4)
                  0000ff34    00000008     Funciones_Transferencia.obj (.const:La)
                  0000ff3c    00000008     Funciones_Transferencia.obj (.const:Lo_per)
                  0000ff44    00000008     Funciones_Transferencia.obj (.const:Lp)
                  0000ff4c    00000008     Config_pem4f.oem4f (.const:ti_sysbios_family_arm_m3_Hwi_excHookFuncs__A)
                  0000ff54    00000008     Config_pem4f.oem4f (.const:ti_sysbios_knl_Idle_funcList__C)
                  0000ff5c    00000008     Config_pem4f.oem4f (.const:xdc_runtime_Startup_firstFxns__C)
                  0000ff64    00000008     Config_pem4f.oem4f (.const:xdc_runtime_Startup_lastFxns__C)
                  0000ff6c    00000004     Config_pem4f.oem4f (.const:ti_catalog_arm_cortexm4_tiva_ce_Boot_A_mustUseEnhancedClockMode__C)
                  0000ff70    00000004     Config_pem4f.oem4f (.const:ti_catalog_arm_cortexm4_tiva_ce_Boot_Module__diagsEnabled__C)
                  0000ff74    00000004     Config_pem4f.oem4f (.const:ti_catalog_arm_cortexm4_tiva_ce_Boot_Module__diagsIncluded__C)
                  0000ff78    00000004     Config_pem4f.oem4f (.const:ti_catalog_arm_cortexm4_tiva_ce_Boot_Module__diagsMask__C)
                  0000ff7c    00000004     Config_pem4f.oem4f (.const:ti_sysbios_family_arm_lm4_Timer_enableFunc__C)
                  0000ff80    00000004     Config_pem4f.oem4f (.const:ti_sysbios_family_arm_lm4_Timer_numTimerDevices__C)
                  0000ff84    00000004     Config_pem4f.oem4f (.const:ti_sysbios_family_arm_lm4_Timer_startupNeeded__C)
                  0000ff88    00000004     Config_pem4f.oem4f (.const:ti_sysbios_family_arm_m3_Hwi_E_NMI__C)
                  0000ff8c    00000004     Config_pem4f.oem4f (.const:ti_sysbios_family_arm_m3_Hwi_E_alreadyDefined__C)
                  0000ff90    00000004     Config_pem4f.oem4f (.const:ti_sysbios_family_arm_m3_Hwi_E_busFault__C)
                  0000ff94    00000004     Config_pem4f.oem4f (.const:ti_sysbios_family_arm_m3_Hwi_E_debugMon__C)
                  0000ff98    00000004     Config_pem4f.oem4f (.const:ti_sysbios_family_arm_m3_Hwi_E_hardFault__C)
                  0000ff9c    00000004     Config_pem4f.oem4f (.const:ti_sysbios_family_arm_m3_Hwi_E_memFault__C)
                  0000ffa0    00000004     Config_pem4f.oem4f (.const:ti_sysbios_family_arm_m3_Hwi_E_noIsr__C)
                  0000ffa4    00000004     Config_pem4f.oem4f (.const:ti_sysbios_family_arm_m3_Hwi_E_reserved__C)
                  0000ffa8    00000004     Config_pem4f.oem4f (.const:ti_sysbios_family_arm_m3_Hwi_E_svCall__C)
                  0000ffac    00000004     Config_pem4f.oem4f (.const:ti_sysbios_family_arm_m3_Hwi_E_usageFault__C)
                  0000ffb0    00000004     Config_pem4f.oem4f (.const:ti_sysbios_family_arm_m3_Hwi_LD_end__C)
                  0000ffb4    00000004     Config_pem4f.oem4f (.const:ti_sysbios_family_arm_m3_Hwi_LM_begin__C)
                  0000ffb8    00000004     Config_pem4f.oem4f (.const:ti_sysbios_family_arm_m3_Hwi_Module__diagsEnabled__C)
                  0000ffbc    00000004     Config_pem4f.oem4f (.const:ti_sysbios_family_arm_m3_Hwi_Module__diagsIncluded__C)
                  0000ffc0    00000004     Config_pem4f.oem4f (.const:ti_sysbios_family_arm_m3_Hwi_Module__diagsMask__C)
                  0000ffc4    00000004     Config_pem4f.oem4f (.const:ti_sysbios_family_arm_m3_Hwi_Module__loggerFxn1__C)
                  0000ffc8    00000004     Config_pem4f.oem4f (.const:ti_sysbios_family_arm_m3_Hwi_Module__loggerFxn8__C)
                  0000ffcc    00000004     Config_pem4f.oem4f (.const:ti_sysbios_family_arm_m3_Hwi_Module__loggerObj__C)
                  0000ffd0    00000004     Config_pem4f.oem4f (.const:ti_sysbios_family_arm_m3_Hwi_NUM_INTERRUPTS__C)
                  0000ffd4    00000004     Config_pem4f.oem4f (.const:ti_sysbios_family_arm_m3_Hwi_Object__count__C)
                  0000ffd8    00000004     Config_pem4f.oem4f (.const:ti_sysbios_family_arm_m3_Hwi_ccr__C)
                  0000ffdc    00000004     Config_pem4f.oem4f (.const:ti_sysbios_family_arm_m3_Hwi_excHandlerFunc__C)
                  0000ffe0    00000004     Config_pem4f.oem4f (.const:ti_sysbios_family_arm_m3_Hwi_excHookFuncs__C)
                  0000ffe4    00000004     Config_pem4f.oem4f (.const:ti_sysbios_family_arm_m3_Hwi_nullIsrFunc__C)
                  0000ffe8    00000004     Config_pem4f.oem4f (.const:ti_sysbios_family_arm_m3_Hwi_priGroup__C)
                  0000ffec    00000004     Config_pem4f.oem4f (.const:ti_sysbios_family_arm_m3_TaskSupport_stackAlignment__C)
                  0000fff0    00000004     Config_pem4f.oem4f (.const:ti_sysbios_gates_GateMutexPri_A_badContext__C)
                  0000fff4    00000004     Config_pem4f.oem4f (.const:ti_sysbios_gates_GateMutexPri_A_enterTaskDisabled__C)
                  0000fff8    00000004     Config_pem4f.oem4f (.const:ti_sysbios_gates_GateMutexPri_Instance_State_pendQ__O)
                  0000fffc    00000004     Config_pem4f.oem4f (.const:ti_sysbios_gates_GateMutexPri_Module__diagsEnabled__C)
                  00010000    00000004     Config_pem4f.oem4f (.const:ti_sysbios_gates_GateMutexPri_Module__diagsIncluded__C)
                  00010004    00000004     Config_pem4f.oem4f (.const:ti_sysbios_gates_GateMutexPri_Module__diagsMask__C)
                  00010008    00000004     Config_pem4f.oem4f (.const:ti_sysbios_gates_GateMutex_A_badContext__C)
                  0001000c    00000004     Config_pem4f.oem4f (.const:ti_sysbios_gates_GateMutex_Instance_State_sem__O)
                  00010010    00000004     Config_pem4f.oem4f (.const:ti_sysbios_gates_GateMutex_Module__diagsEnabled__C)
                  00010014    00000004     Config_pem4f.oem4f (.const:ti_sysbios_gates_GateMutex_Module__diagsIncluded__C)
                  00010018    00000004     Config_pem4f.oem4f (.const:ti_sysbios_gates_GateMutex_Module__diagsMask__C)
                  0001001c    00000004     Config_pem4f.oem4f (.const:ti_sysbios_hal_Hwi_E_stackOverflow__C)
                  00010020    00000004     Config_pem4f.oem4f (.const:ti_sysbios_heaps_HeapMem_A_align__C)
                  00010024    00000004     Config_pem4f.oem4f (.const:ti_sysbios_heaps_HeapMem_A_heapSize__C)
                  00010028    00000004     Config_pem4f.oem4f (.const:ti_sysbios_heaps_HeapMem_A_invalidFree__C)
                  0001002c    00000004     Config_pem4f.oem4f (.const:ti_sysbios_heaps_HeapMem_A_zeroBlock__C)
                  00010030    00000004     Config_pem4f.oem4f (.const:ti_sysbios_heaps_HeapMem_E_memory__C)
                  00010034    00000004     Config_pem4f.oem4f (.const:ti_sysbios_heaps_HeapMem_Module__diagsEnabled__C)
                  00010038    00000004     Config_pem4f.oem4f (.const:ti_sysbios_heaps_HeapMem_Module__diagsIncluded__C)
                  0001003c    00000004     Config_pem4f.oem4f (.const:ti_sysbios_heaps_HeapMem_Module__diagsMask__C)
                  00010040    00000004     Config_pem4f.oem4f (.const:ti_sysbios_heaps_HeapMem_Module__gateObj__C)
                  00010044    00000004     Config_pem4f.oem4f (.const:ti_sysbios_heaps_HeapMem_Object__count__C)
                  00010048    00000004     Config_pem4f.oem4f (.const:ti_sysbios_heaps_HeapMem_reqAlign__C)
                  0001004c    00000004     Config_pem4f.oem4f (.const:ti_sysbios_knl_Clock_A_badThreadType__C)
                  00010050    00000004     Config_pem4f.oem4f (.const:ti_sysbios_knl_Clock_LM_begin__C)
                  00010054    00000004     Config_pem4f.oem4f (.const:ti_sysbios_knl_Clock_LM_tick__C)
                  00010058    00000004     Config_pem4f.oem4f (.const:ti_sysbios_knl_Clock_LW_delayed__C)
                  0001005c    00000004     Config_pem4f.oem4f (.const:ti_sysbios_knl_Clock_Module_State_clockQ__O)
                  00010060    00000004     Config_pem4f.oem4f (.const:ti_sysbios_knl_Clock_Module__diagsEnabled__C)
                  00010064    00000004     Config_pem4f.oem4f (.const:ti_sysbios_knl_Clock_Module__diagsIncluded__C)
                  00010068    00000004     Config_pem4f.oem4f (.const:ti_sysbios_knl_Clock_Module__diagsMask__C)
                  0001006c    00000004     Config_pem4f.oem4f (.const:ti_sysbios_knl_Clock_Module__loggerFxn1__C)
                  00010070    00000004     Config_pem4f.oem4f (.const:ti_sysbios_knl_Clock_Module__loggerFxn2__C)
                  00010074    00000004     Config_pem4f.oem4f (.const:ti_sysbios_knl_Clock_Module__loggerObj__C)
                  00010078    00000004     Config_pem4f.oem4f (.const:ti_sysbios_knl_Idle_funcList__A)
                  0001007c    00000004     Config_pem4f.oem4f (.const:ti_sysbios_knl_Mailbox_Instance_State_freeQue__O)
                  00010080    00000004     Config_pem4f.oem4f (.const:ti_sysbios_knl_Mailbox_Object__count__C)
                  00010084    00000004     Config_pem4f.oem4f (.const:ti_sysbios_knl_Mailbox_maxTypeAlign__C)
                  00010088    00000004     Config_pem4f.oem4f (.const:ti_sysbios_knl_Semaphore_A_badContext__C)
                  0001008c    00000004     Config_pem4f.oem4f (.const:ti_sysbios_knl_Semaphore_A_noEvents__C)
                  00010090    00000004     Config_pem4f.oem4f (.const:ti_sysbios_knl_Semaphore_A_overflow__C)
                  00010094    00000004     Config_pem4f.oem4f (.const:ti_sysbios_knl_Semaphore_A_pendTaskDisabled__C)
                  00010098    00000004     Config_pem4f.oem4f (.const:ti_sysbios_knl_Semaphore_Instance_State_pendQ__O)
                  0001009c    00000004     Config_pem4f.oem4f (.const:ti_sysbios_knl_Semaphore_LM_pend__C)
                  000100a0    00000004     Config_pem4f.oem4f (.const:ti_sysbios_knl_Semaphore_LM_post__C)
                  000100a4    00000004     Config_pem4f.oem4f (.const:ti_sysbios_knl_Semaphore_Module__diagsEnabled__C)
                  000100a8    00000004     Config_pem4f.oem4f (.const:ti_sysbios_knl_Semaphore_Module__diagsIncluded__C)
                  000100ac    00000004     Config_pem4f.oem4f (.const:ti_sysbios_knl_Semaphore_Module__diagsMask__C)
                  000100b0    00000004     Config_pem4f.oem4f (.const:ti_sysbios_knl_Semaphore_Module__loggerFxn2__C)
[...]
0001006c  ti_sysbios_knl_Clock_Module__loggerFxn1__C                        
00010070  ti_sysbios_knl_Clock_Module__loggerFxn2__C                        
00010074  ti_sysbios_knl_Clock_Module__loggerObj__C                         
00010078  ti_sysbios_knl_Idle_funcList__A                                   
0001007c  ti_sysbios_knl_Mailbox_Instance_State_freeQue__O                  
00010080  ti_sysbios_knl_Mailbox_Object__count__C                           
00010084  ti_sysbios_knl_Mailbox_maxTypeAlign__C                            
00010088  ti_sysbios_knl_Semaphore_A_badContext__C                          
0001008c  ti_sysbios_knl_Semaphore_A_noEvents__C                            
00010090  ti_sysbios_knl_Semaphore_A_overflow__C                            
00010094  ti_sysbios_knl_Semaphore_A_pendTaskDisabled__C                    
00010098  ti_sysbios_knl_Semaphore_Instance_State_pendQ__O                  
0001009c  ti_sysbios_knl_Semaphore_LM_pend__C                               
000100a0  ti_sysbios_knl_Semaphore_LM_post__C                               
000100a4  ti_sysbios_knl_Semaphore_Module__diagsEnabled__C                  
000100a8  ti_sysbios_knl_Semaphore_Module__diagsIncluded__C                 
000100ac  ti_sysbios_knl_Semaphore_Module__diagsMask__C                     
000100b0  ti_sysbios_knl_Semaphore_Module__loggerFxn2__C                    
000100b4  ti_sysbios_knl_Semaphore_Module__loggerFxn4__C                    
000100b8  ti_sysbios_knl_Semaphore_Module__loggerObj__C                     
000100bc  ti_sysbios_knl_Swi_LD_end__C                                      
000100c0  ti_sysbios_knl_Swi_LM_begin__C                                    
000100c4  ti_sysbios_knl_Swi_LM_post__C                                     
000100c8  ti_sysbios_knl_Swi_Module__diagsEnabled__C                        
000100cc  ti_sysbios_knl_Swi_Module__diagsIncluded__C                       
000100d0  ti_sysbios_knl_Swi_Module__diagsMask__C                           
000100d4  ti_sysbios_knl_Swi_Module__loggerFxn1__C                          
000100d8  ti_sysbios_knl_Swi_Module__loggerFxn4__C                          
000100dc  ti_sysbios_knl_Swi_Module__loggerObj__C                           
000100e0  ti_sysbios_knl_Swi_Object__count__C                               
000100e4  ti_sysbios_knl_Task_A_badPriority__C                              
000100e8  ti_sysbios_knl_Task_A_badTaskState__C                             
000100ec  ti_sysbios_knl_Task_A_badThreadType__C                            
000100f0  ti_sysbios_knl_Task_A_noPendElem__C                               
000100f4  ti_sysbios_knl_Task_E_spOutOfBounds__C                            
000100f8  ti_sysbios_knl_Task_E_stackOverflow__C                            
000100fc  ti_sysbios_knl_Task_LD_block__C                                   
00010100  ti_sysbios_knl_Task_LD_exit__C                                    
00010104  ti_sysbios_knl_Task_LD_ready__C                                   
00010108  ti_sysbios_knl_Task_LM_setPri__C                                  
0001010c  ti_sysbios_knl_Task_LM_switch__C                                  
00010110  ti_sysbios_knl_Task_Module_State_inactiveQ__O                     
00010114  ti_sysbios_knl_Task_Module__diagsEnabled__C                       
00010118  ti_sysbios_knl_Task_Module__diagsIncluded__C                      
0001011c  ti_sysbios_knl_Task_Module__diagsMask__C                          
00010120  ti_sysbios_knl_Task_Module__loggerFxn2__C                         
00010124  ti_sysbios_knl_Task_Module__loggerFxn4__C                         
00010128  ti_sysbios_knl_Task_Module__loggerObj__C                          
0001012c  ti_sysbios_knl_Task_Object__count__C                              
00010130  ti_sysbios_knl_Task_allBlockedFunc__C                             
00010134  ti_sysbios_knl_Task_defaultStackHeap__C                           
00010138  ti_sysbios_knl_Task_defaultStackSize__C                           
0001013c  ti_sysbios_knl_Task_numConstructedTasks__C                        
00010140  ti_uia_loggers_LoggerStopMode_Module__diagsEnabled__C             
00010144  ti_uia_loggers_LoggerStopMode_Module__diagsIncluded__C            
00010148  ti_uia_loggers_LoggerStopMode_Module__diagsMask__C                
0001014c  ti_uia_loggers_LoggerStopMode_Object__count__C                    
00010150  ti_uia_runtime_ILoggerSnapshot_Interface__BASE__C                 
00010154  ti_uia_runtime_IUIATransfer_Interface__BASE__C                    
00010158  xdc_runtime_Assert_E_assertFailed__C                              
0001015c  xdc_runtime_Core_A_initializedParams__C                           
00010160  xdc_runtime_Core_Module__diagsEnabled__C                          
00010164  xdc_runtime_Core_Module__diagsIncluded__C                         
00010168  xdc_runtime_Core_Module__diagsMask__C                             
0001016c  xdc_runtime_Error_E_memory__C                                     
00010170  xdc_runtime_Error_Module__diagsEnabled__C                         
00010174  xdc_runtime_Error_Module__diagsIncluded__C                        
00010178  xdc_runtime_Error_Module__diagsMask__C                            
0001017c  xdc_runtime_Error_Module__loggerFxn8__C                           
00010180  xdc_runtime_Error_Module__loggerObj__C                            
00010184  xdc_runtime_Error_policyFxn__C                                    
00010188  xdc_runtime_Error_raiseHook__C                                    
0001018c  xdc_runtime_IFilterLogger_Interface__BASE__C                      
00010190  xdc_runtime_IGateProvider_Interface__BASE__C                      
00010194  xdc_runtime_IHeap_Interface__BASE__C                              
00010198  xdc_runtime_ILogger_Interface__BASE__C                            
0001019c  xdc_runtime_IModule_Interface__BASE__C                            
000101a0  xdc_runtime_Log_L_error__C                                        
000101a4  xdc_runtime_Memory_defaultHeapInstance__C                         
000101a8  xdc_runtime_Startup_execImpl__C                                   
000101ac  xdc_runtime_Startup_lastFxns__A                                   
000101b0  xdc_runtime_Startup_maxPasses__C                                  
000101b4  xdc_runtime_Startup_sfxnRts__C                                    
000101b8  xdc_runtime_Startup_sfxnTab__C                                    
000101bc  xdc_runtime_SysMin_bufSize__C                                     
000101c0  xdc_runtime_SysMin_outputFunc__C                                  
000101c4  xdc_runtime_System_Module__gateObj__C                             
000101c8  xdc_runtime_System_abortFxn__C                                    
000101cc  xdc_runtime_System_exitFxn__C                                     
000101d0  xdc_runtime_System_extendFxn__C                                   
000101d4  xdc_runtime_System_maxAtexitHandlers__C                           
000101d8  xdc_runtime_Text_charTab__C                                       
000101dc  xdc_runtime_Text_nameEmpty__C                                     
000101e0  xdc_runtime_Text_nameStatic__C                                    
000101e4  xdc_runtime_Text_nameUnknown__C                                   
000101e8  xdc_runtime_Text_nodeTab__C                                       
000101ec  xdc_runtime_Text_visitRopeFxn__C                                  
000101f0  ti_sysbios_family_arm_lm4_TimestampProvider_useClockTimer__C      
000101f2  ti_sysbios_family_arm_m3_Hwi_Module__id__C                        
000101f4  ti_sysbios_family_arm_m3_Hwi_Module__loggerDefined__C             
000101f6  ti_sysbios_gates_GateMutexPri_Module__id__C                       
000101f8  ti_sysbios_gates_GateMutex_Module__id__C                          
000101fa  ti_sysbios_hal_Hwi_Module__id__C                                  
000101fc  ti_sysbios_heaps_HeapMem_Module__id__C                            
000101fe  ti_sysbios_knl_Clock_Module__id__C                                
00010200  ti_sysbios_knl_Clock_Module__loggerDefined__C                     
00010202  ti_sysbios_knl_Semaphore_Module__id__C                            
00010204  ti_sysbios_knl_Semaphore_Module__loggerDefined__C                 
00010206  ti_sysbios_knl_Swi_Module__id__C                                  
00010208  ti_sysbios_knl_Swi_Module__loggerDefined__C                       
0001020a  ti_sysbios_knl_Task_Module__id__C                                 
0001020c  ti_sysbios_knl_Task_Module__loggerDefined__C                      
0001020e  ti_sysbios_knl_Task_initStackFlag__C                              
00010210  ti_uia_loggers_LoggerStopMode_Module__id__C                       
00010212  ti_uia_loggers_LoggerStopMode_isTimestampEnabled__C               
00010214  xdc_runtime_Core_Module__id__C                                    
00010216  xdc_runtime_Error_Module__loggerDefined__C                        
00010218  xdc_runtime_Error_maxDepth__C                                     
0001021a  xdc_runtime_Memory_Module__id__C                                  
0001021c  xdc_runtime_SysMin_flushAtExit__C                                 
0001021e  xdc_runtime_Text_charCnt__C                                       
00010220  xdc_runtime_Text_isLoaded__C                                      
00010222  xdc_runtime_Text_registryModsLastId__C                            
00010224  xdc_runtime_Text_unnamedModsLastId__C                             
00010228  __TI_static_base__                                                
000106d4  __TI_Handler_Table_Base                                           
000106dc  __TI_CINIT_Base                                                   
000106dc  __TI_Handler_Table_Limit                                          
000106f4  __TI_CINIT_Limit                                                  
20000000  ti_sysbios_family_arm_m3_Hwi_ramVectors                           
20000400  ti_sysbios_heaps_HeapMem_Instance_State_0_buf__A                  
20004e38  Parametros_Tarea                                                  
20004e74  PARAMS_PWM0                                                       
20004e80  ti_uia_loggers_LoggerStopMode_Instance_State_1_packetArray__A     
20005e80  xdc_runtime_SysMin_Module_State_0_outbuf__A                       
20006280  ti_sysbios_family_arm_m3_Hwi_dispatchTable                        
200065e0  uartTivaObjects                                                   
20006910  __CIOBUF_                                                         
20006a30  i2cTivaObjects                                                    
20006bf0  PARAMS_I2C                                                        
20006e00  ti_uia_loggers_LoggerStopMode_Instance_State_0_packetArray__A     
20006e80  spiTivaDMAObjects                                                 
20006efc  eb                                                                
20006f7c  CLOCK_Calculo_AHRS                                                
20006f80  ti_uia_loggers_LoggerStopMode_Instance_State_0_hdr__A             
20006fb0  PARAMS_UART_BT_TELEMETRIA                                         
20006fd4  Parametos_Clock                                                   
20007000  ti_uia_loggers_LoggerStopMode_Instance_State_1_hdr__A             
20007030  Parametros_Semaforo                                               
20007054  pwmTivaObjects                                                    
20007074  uartTivaRingBuffer                                                
20007094  uartTivaRingBuffer1                                               
200070b4  uartTivaRingBuffer5                                               
200070d4  uartTivaRingBuffer7                                               
200070f4  watchdogTivaObjects                                               
20007130  PARAMS_PWM1                                                       
2000713c  PARAMS_PWM2                                                       
20007148  PARAMS_PWM3                                                       
20007154  CLOCK_Control                                                     
20007158  CLOCK_Coordinador                                                 
2000715c  CLOCK_Leer_IMU                                                    
20007160  I2C_DISPOSITIVOS                                                  
20007164  I2C_SENSORES                                                      
20007168  PWM0                                                              
2000716c  PWM1                                                              
20007170  PWM2                                                              
20007174  PWM3                                                              
20007178  SEMAPHORE_Calculo_AHRS                                            
2000717c  SEMAPHORE_Control                                                 
20007180  SEMAPHORE_Coordinador                                             
20007184  SEMAPHORE_Leer_IMU                                                
20007188  TASK_Calculo_AHRS                                                 
2000718c  TASK_Control                                                      
20007190  TASK_Coordinador                                                  
20007194  TASK_Leer_IMU                                                     
20007198  UART_BT_TELEMETRIA                                                
200071a0  spiTivaDMAscratchBuf                                              
200071a4  CalibracionIMU9DOF                                                
2000722c  ti_sysbios_family_arm_lm4_Timer_Object__table__V                  
200072ac  ti_sysbios_knl_Swi_Module_State_0_readyQ__A                       
2000732c  ti_sysbios_knl_Task_Module_State_0_readyQ__A                      
200073ac  ti_uia_loggers_LoggerStopMode_Object__table__V                    
20007414  ti_sysbios_knl_Task_Module__state__V                              
20007458  Calibracion_Receptor                                              
20007498  ti_sysbios_family_arm_m3_Hwi_Module__state__V                     
2000752c  ti_sysbios_family_arm_lm4_Timer_Module_State_0_device__A          
2000755c  ti_sysbios_family_arm_m3_Hwi_Object__table__V                     
2000758c  ti_sysbios_knl_Swi_Object__table__V                               
200075bc  gpioPinConfigs                                                    
200075e8  ti_sysbios_knl_Clock_Module__state__V                             
20007664  ti_sysbios_BIOS_Module__state__V                                  
20007688  xdc_runtime_System_Module_State_0_atexitHandlers__A               
200076a8  ModoCalibracionIMU                                                
200076a9  Estado_Sistema                                                    
200076aa  Estado_Sistema_Anterior                                           
200076ab  ModoTelemetria                                                    
200076ac  InfoTelemetria                                                    
200076ad  Modo_Control                                                      
200076ae  Modo_Control_Anterior                                             
200076af  ModoPerturbaciones                                                
200076b0  ModoWatchdog                                                      
200076b4  Posicion_inicial                                                  
200076b8  Altura_US_mm                                                      
200076ba  Altura_Presion_mm                                                 
200076bc  nDatos_Identifiacion                                              
200076c0  PuntoTrabajo_motor                                                
200076c4  nDatos_leidos                                                     
200076c6  ti_sysbios_family_arm_m3_Hwi_Module_State_0_excActive__A          
200076c8  ti_sysbios_gates_GateMutex_Object__table__V                       
200076e4  ti_sysbios_knl_Swi_Module__state__V                               
20007718  ti_sysbios_family_arm_lm4_Timer_Module_State_0_handles__A         
20007730  ti_sysbios_gates_GateMutexPri_Object__table__V                    
20007748  ti_sysbios_heaps_HeapMem_Object__table__V                         
20007788  IMU9250                                                           
200077d0  gpioCallbackFunctions                                             
200077e0  __TI_cleanup_ptr                                                  
200077e4  __TI_dtors_ptr                                                    
200077e8  __TI_enable_exit_profile_output                                   
200077f8  ti_sysbios_family_arm_lm4_Timer_Module__state__V                  
20007804  ti_sysbios_knl_Task_Module__root__V                               
20007810  ti_uia_runtime_QueueDescriptor_Module__state__V                   
2000781c  xdc_runtime_SysMin_Module__state__V                               
20007828  _lock                                                             
2000782c  _unlock                                                           
20007838  ti_uia_runtime_QueueDescriptor_gPtrToFirstDescriptor              
2000783c  ti_uia_runtime_QueueDescriptor_gUpdateCount                       
20007840  ti_sysbios_family_arm_lm4_TimestampProvider_Module__state__V      
20007848  ti_sysbios_family_arm_m3_Hwi_Module__root__V                      
20007850  ti_sysbios_gates_GateHwi_Module__root__V                          
20007858  ti_sysbios_gates_GateMutexPri_Module__root__V                     
20007860  ti_sysbios_gates_GateMutex_Module__root__V                        
20007868  ti_sysbios_heaps_HeapMem_Module__root__V                          
20007870  ti_sysbios_knl_Clock_Module__root__V                              
20007878  ti_sysbios_knl_Queue_Module__root__V                              
20007880  ti_sysbios_knl_Semaphore_Module__root__V                          
20007888  ti_uia_loggers_LoggerStopMode_Module__root__V                     
20007890  xdc_runtime_Registry_Module__state__V                             
20007898  xdc_runtime_Startup_Module__state__V                              
200078a0  xdc_runtime_System_Module__state__V                               
200078ae  xdc_runtime_Error_Module__state__V                                
200078c4  errno                                                             
200078c8  main_func_sp                                                      
200078cc  ti_sysbios_family_arm_m3_Hwi_Module_State_0_excContext__A         
200078d0  ti_sysbios_family_arm_m3_Hwi_Module_State_0_excStack__A           
200078d4  ti_sysbios_gates_GateHwi_Object__table__V                         
200078d8  ti_sysbios_knl_Task_Module_State_0_idleTask__A                    
200078dc  xdc_runtime_Memory_Module__state__V                               
200078e4  __stack                                                           
200079e4  __STACK_TOP                                                       
20007ce4  __STACK_END                                                       
e000e000  ti_sysbios_family_arm_m3_Hwi_nvic                                 
ffffffff  __TI_pprof_out_hndl                                               
ffffffff  __TI_prof_data_size                                               
ffffffff  __TI_prof_data_start                                              
ffffffff  __binit__                                                         
ffffffff  __c_args__                                                        
ffffffff  binit                                                             
UNDEFED   SHT$$INIT_ARRAY$$Base                                             
UNDEFED   SHT$$INIT_ARRAY$$Limit                                            

[991 symbols]
